Archive member included because of file (symbol)

/usr/bin/../lib/gcc/arm-none-eabi/4.9.3/armv7-m/libgcc.a(_arm_addsubdf3.o)
                              ./src/adc/adc.o (__aeabi_i2d)
/usr/bin/../lib/gcc/arm-none-eabi/4.9.3/armv7-m/libgcc.a(_arm_muldivdf3.o)
                              ./src/adc/adc.o (__aeabi_dmul)
/usr/bin/../lib/gcc/arm-none-eabi/4.9.3/armv7-m/libgcc.a(_arm_truncdfsf2.o)
                              ./src/configurator/configurator.o (__aeabi_d2f)
/usr/bin/../lib/gcc/arm-none-eabi/4.9.3/armv7-m/libgcc.a(_arm_addsubsf3.o)
                              ./src/string_lib/string_lib.o (__aeabi_fsub)
/usr/bin/../lib/gcc/arm-none-eabi/4.9.3/armv7-m/libgcc.a(_arm_muldivsf3.o)
                              ./src/string_lib/string_lib.o (__aeabi_fmul)
/usr/bin/../lib/gcc/arm-none-eabi/4.9.3/armv7-m/libgcc.a(_arm_cmpsf2.o)
                              ./src/string_lib/string_lib.o (__aeabi_fcmpeq)
/usr/bin/../lib/gcc/arm-none-eabi/4.9.3/armv7-m/libgcc.a(_aeabi_ldivmod.o)
                              ./src/string_lib/string_lib.o (__aeabi_ldivmod)
/usr/bin/../lib/gcc/arm-none-eabi/4.9.3/armv7-m/libgcc.a(_fixsfdi.o)
                              ./src/string_lib/string_lib.o (__aeabi_f2lz)
/usr/bin/../lib/gcc/arm-none-eabi/4.9.3/armv7-m/libgcc.a(_fixunssfdi.o)
                              /usr/bin/../lib/gcc/arm-none-eabi/4.9.3/armv7-m/libgcc.a(_fixsfdi.o) (__aeabi_f2ulz)
/usr/bin/../lib/gcc/arm-none-eabi/4.9.3/armv7-m/libgcc.a(bpabi.o)
                              /usr/bin/../lib/gcc/arm-none-eabi/4.9.3/armv7-m/libgcc.a(_aeabi_ldivmod.o) (__gnu_ldivmod_helper)
/usr/bin/../lib/gcc/arm-none-eabi/4.9.3/armv7-m/libgcc.a(_dvmd_tls.o)
                              /usr/bin/../lib/gcc/arm-none-eabi/4.9.3/armv7-m/libgcc.a(_aeabi_ldivmod.o) (__aeabi_ldiv0)
/usr/bin/../lib/gcc/arm-none-eabi/4.9.3/armv7-m/libgcc.a(_arm_fixunsdfsi.o)
                              /usr/bin/../lib/gcc/arm-none-eabi/4.9.3/armv7-m/libgcc.a(_fixunssfdi.o) (__aeabi_d2uiz)
/usr/bin/../lib/gcc/arm-none-eabi/4.9.3/armv7-m/libgcc.a(_divdi3.o)
                              /usr/bin/../lib/gcc/arm-none-eabi/4.9.3/armv7-m/libgcc.a(bpabi.o) (__divdi3)
/usr/bin/../lib/gcc/arm-none-eabi/4.9.3/armv7-m/libgcc.a(_udivdi3.o)
                              /usr/bin/../lib/gcc/arm-none-eabi/4.9.3/armv7-m/libgcc.a(bpabi.o) (__udivdi3)
/usr/bin/../lib/gcc/arm-none-eabi/4.9.3/../../../../arm-none-eabi/lib/armv7-m/libg.a(lib_a-atof.o)
                              ./src/configurator/configurator.o (atof)
/usr/bin/../lib/gcc/arm-none-eabi/4.9.3/../../../../arm-none-eabi/lib/armv7-m/libg.a(lib_a-exit.o)
                              /usr/bin/../lib/gcc/arm-none-eabi/4.9.3/../../../../arm-none-eabi/lib/armv7-m/crt0.o (exit)
/usr/bin/../lib/gcc/arm-none-eabi/4.9.3/../../../../arm-none-eabi/lib/armv7-m/libg.a(lib_a-impure.o)
                              /usr/bin/../lib/gcc/arm-none-eabi/4.9.3/../../../../arm-none-eabi/lib/armv7-m/libg.a(lib_a-exit.o) (_global_impure_ptr)
/usr/bin/../lib/gcc/arm-none-eabi/4.9.3/../../../../arm-none-eabi/lib/armv7-m/libg.a(lib_a-init.o)
                              /usr/bin/../lib/gcc/arm-none-eabi/4.9.3/../../../../arm-none-eabi/lib/armv7-m/crt0.o (__libc_init_array)
/usr/bin/../lib/gcc/arm-none-eabi/4.9.3/../../../../arm-none-eabi/lib/armv7-m/libg.a(lib_a-memcmp.o)
                              ./src/configurator/configurator.o (memcmp)
/usr/bin/../lib/gcc/arm-none-eabi/4.9.3/../../../../arm-none-eabi/lib/armv7-m/libg.a(lib_a-memcpy.o)
                              ./libs/freertos/queue.o (memcpy)
/usr/bin/../lib/gcc/arm-none-eabi/4.9.3/../../../../arm-none-eabi/lib/armv7-m/libg.a(lib_a-memset.o)
                              /usr/bin/../lib/gcc/arm-none-eabi/4.9.3/../../../../arm-none-eabi/lib/armv7-m/crt0.o (memset)
/usr/bin/../lib/gcc/arm-none-eabi/4.9.3/../../../../arm-none-eabi/lib/armv7-m/libg.a(lib_a-reent.o)
                              ./startup/new_lib_stubs.o (errno)
/usr/bin/../lib/gcc/arm-none-eabi/4.9.3/../../../../arm-none-eabi/lib/armv7-m/libg.a(lib_a-strtod.o)
                              /usr/bin/../lib/gcc/arm-none-eabi/4.9.3/../../../../arm-none-eabi/lib/armv7-m/libg.a(lib_a-atof.o) (strtod)
/usr/bin/../lib/gcc/arm-none-eabi/4.9.3/../../../../arm-none-eabi/lib/armv7-m/libg.a(lib_a-__call_atexit.o)
                              /usr/bin/../lib/gcc/arm-none-eabi/4.9.3/../../../../arm-none-eabi/lib/armv7-m/libg.a(lib_a-exit.o) (__call_exitprocs)
/usr/bin/../lib/gcc/arm-none-eabi/4.9.3/../../../../arm-none-eabi/lib/armv7-m/libg.a(lib_a-atexit.o)
                              /usr/bin/../lib/gcc/arm-none-eabi/4.9.3/../../../../arm-none-eabi/lib/armv7-m/libg.a(lib_a-__call_atexit.o) (atexit)
/usr/bin/../lib/gcc/arm-none-eabi/4.9.3/../../../../arm-none-eabi/lib/armv7-m/libg.a(lib_a-fini.o)
                              /usr/bin/../lib/gcc/arm-none-eabi/4.9.3/../../../../arm-none-eabi/lib/armv7-m/libg.a(lib_a-__call_atexit.o) (__libc_fini_array)
[...]
Memory Configuration

Name             Origin             Length             Attributes
FLASH            0x0000000008000000 0x0000000000010000 xr
RAM              0x0000000020000000 0x0000000000005000 xrw
MEMORY_B1        0x0000000060000000 0x0000000000000000 xr
*default*        0x0000000000000000 0xffffffffffffffff

Linker script and memory map

LOAD /usr/bin/../lib/gcc/arm-none-eabi/4.9.3/armv7-m/crti.o
LOAD /usr/bin/../lib/gcc/arm-none-eabi/4.9.3/armv7-m/crtbegin.o
LOAD /usr/bin/../lib/gcc/arm-none-eabi/4.9.3/../../../../arm-none-eabi/lib/armv7-m/crt0.o
LOAD ./startup/new_lib_stubs.o
LOAD ./startup/startup_stm32f10x_md.o
LOAD ./src/usart/usart.o
LOAD ./src/string_lib/string_lib.o
LOAD ./src/led/led.o
LOAD ./src/hd44780/hd44780.o
LOAD ./src/flash/flash.o
LOAD ./src/encoder/encoder.o
LOAD ./src/dac/dac.o
LOAD ./src/configurator/configurator.o
LOAD ./src/clock/clock.o
LOAD ./src/buttons/buttons.o
LOAD ./src/adc/adc.o
LOAD ./src/main.o
LOAD ./libs/freertos/croutine.o
LOAD ./libs/freertos/event_groups.o
LOAD ./libs/freertos/heap_2.o
LOAD ./libs/freertos/list.o
LOAD ./libs/freertos/port.o
LOAD ./libs/freertos/queue.o
LOAD ./libs/freertos/tasks.o
LOAD ./libs/freertos/timers.o
LOAD ./libs/CMSIS/core_cm3.o
LOAD ./libs/CMSIS/misc.o
LOAD ./libs/CMSIS/stm32f10x_adc.o
LOAD ./libs/CMSIS/stm32f10x_dac.o
LOAD ./libs/CMSIS/stm32f10x_gpio.o
LOAD ./libs/CMSIS/stm32f10x_rcc.o
LOAD ./libs/CMSIS/stm32f10x_usart.o
LOAD ./libs/CMSIS/system_stm32f10x.o
START GROUP
LOAD /usr/bin/../lib/gcc/arm-none-eabi/4.9.3/armv7-m/libgcc.a
LOAD /usr/bin/../lib/gcc/arm-none-eabi/4.9.3/../../../../arm-none-eabi/lib/armv7-m/libg.a
LOAD /usr/bin/../lib/gcc/arm-none-eabi/4.9.3/../../../../arm-none-eabi/lib/armv7-m/libc.a
END GROUP
LOAD /usr/bin/../lib/gcc/arm-none-eabi/4.9.3/armv7-m/crtend.o
LOAD /usr/bin/../lib/gcc/arm-none-eabi/4.9.3/armv7-m/crtn.o
                0x0000000020005000                _estack = 0x20005000
                0x0000000000000000                _Min_Heap_Size = 0x0
                0x0000000000000100                _Min_Stack_Size = 0x100

.isr_vector     0x0000000008000000      0x10c
                0x0000000008000000                . = ALIGN (0x4)
 *(.isr_vector)
 .isr_vector    0x0000000008000000      0x10c ./startup/startup_stm32f10x_md.o
                0x0000000008000000                g_pfnVectors
                0x000000000800010c                . = ALIGN (0x4)

.eh_frame       0x000000000800010c        0x0
 .eh_frame      0x000000000800010c        0x0 /usr/bin/../lib/gcc/arm-none-eabi/4.9.3/armv7-m/crtbegin.o

.text           0x0000000008000110     0x7c68
                0x0000000008000110                . = ALIGN (0x4)
 *(.text)
 .text          0x0000000008000110       0x5c /usr/bin/../lib/gcc/arm-none-eabi/4.9.3/armv7-m/crtbegin.o
 .text          0x000000000800016c      0x370 /usr/bin/../lib/gcc/arm-none-eabi/4.9.3/armv7-m/libgcc.a(_arm_addsubdf3.o)
                0x000000000800016c                __aeabi_drsub
                0x0000000008000174                __aeabi_dsub
                0x0000000008000174                __subdf3
                0x0000000008000178                __adddf3
                0x0000000008000178                __aeabi_dadd
                0x00000000080003f0                __aeabi_ui2d
                0x00000000080003f0                __floatunsidf
                0x0000000008000410                __floatsidf
                0x0000000008000410                __aeabi_i2d
                0x0000000008000434                __extendsfdf2
                0x0000000008000434                __aeabi_f2d
                0x0000000008000470                __aeabi_ul2d
                0x0000000008000470                __floatundidf
                0x0000000008000480                __floatdidf
                0x0000000008000480                __aeabi_l2d
 .text          0x00000000080004dc      0x424 /usr/bin/../lib/gcc/arm-none-eabi/4.9.3/armv7-m/libgcc.a(_arm_muldivdf3.o)
                0x00000000080004dc                __aeabi_dmul
                0x00000000080004dc                __muldf3
                0x0000000008000730                __aeabi_ddiv
                0x0000000008000730                __divdf3
 .text          0x0000000008000900       0xa0 /usr/bin/../lib/gcc/arm-none-eabi/4.9.3/armv7-m/libgcc.a(_arm_truncdfsf2.o)
                0x0000000008000900                __aeabi_d2f
                0x0000000008000900                __truncdfsf2
 .text          0x00000000080009a0      0x21c /usr/bin/../lib/gcc/arm-none-eabi/4.9.3/armv7-m/libgcc.a(_arm_addsubsf3.o)
                0x00000000080009a0                __aeabi_frsub
                0x00000000080009a8                __subsf3
                0x00000000080009a8                __aeabi_fsub
                0x00000000080009ac                __aeabi_fadd
                0x00000000080009ac                __addsf3
                0x0000000008000b0c                __aeabi_ui2f
                0x0000000008000b0c                __floatunsisf
                0x0000000008000b14                __aeabi_i2f
                0x0000000008000b14                __floatsisf
                0x0000000008000b30                __floatundisf
                0x0000000008000b30                __aeabi_ul2f
                0x0000000008000b40                __floatdisf
                0x0000000008000b40                __aeabi_l2f
 .text          0x0000000008000bbc      0x2a0 /usr/bin/../lib/gcc/arm-none-eabi/4.9.3/armv7-m/libgcc.a(_arm_muldivsf3.o)
                0x0000000008000bbc                __mulsf3
                0x0000000008000bbc                __aeabi_fmul
                0x0000000008000d24                __divsf3
                0x0000000008000d24                __aeabi_fdiv
 .text          0x0000000008000e5c       0xec /usr/bin/../lib/gcc/arm-none-eabi/4.9.3/armv7-m/libgcc.a(_arm_cmpsf2.o)
                0x0000000008000e5c                __gtsf2
                0x0000000008000e5c                __gesf2
                0x0000000008000e64                __lesf2
                0x0000000008000e64                __ltsf2
                0x0000000008000e6c                __nesf2
                0x0000000008000e6c                __eqsf2
                0x0000000008000e6c                __cmpsf2
                0x0000000008000ecc                __aeabi_cfrcmple
                0x0000000008000ed4                __aeabi_cfcmple
                0x0000000008000ed4                __aeabi_cfcmpeq
                0x0000000008000ee4                __aeabi_fcmpeq
                0x0000000008000ef8                __aeabi_fcmplt
                0x0000000008000f0c                __aeabi_fcmple
                0x0000000008000f20                __aeabi_fcmpge
                0x0000000008000f34                __aeabi_fcmpgt
 .text          0x0000000008000f48       0x38 /usr/bin/../lib/gcc/arm-none-eabi/4.9.3/armv7-m/libgcc.a(_aeabi_ldivmod.o)
                0x0000000008000f48                __aeabi_ldivmod
 .text          0x0000000008000f80       0x28 /usr/bin/../lib/gcc/arm-none-eabi/4.9.3/armv7-m/libgcc.a(_fixsfdi.o)
                0x0000000008000f80                __aeabi_f2lz
                0x0000000008000f80                __fixsfdi
 .text          0x0000000008000fa8       0x4c /usr/bin/../lib/gcc/arm-none-eabi/4.9.3/armv7-m/libgcc.a(_fixunssfdi.o)
                0x0000000008000fa8                __aeabi_f2ulz
                0x0000000008000fa8                __fixunssfdi
 .text          0x0000000008000ff4       0x60 /usr/bin/../lib/gcc/arm-none-eabi/4.9.3/armv7-m/libgcc.a(bpabi.o)
                0x0000000008000ff4                __gnu_ldivmod_helper
                0x0000000008001024                __gnu_uldivmod_helper
 .text          0x0000000008001054        0x4 /usr/bin/../lib/gcc/arm-none-eabi/4.9.3/armv7-m/libgcc.a(_dvmd_tls.o)
                0x0000000008001054                __aeabi_ldiv0
                0x0000000008001054                __aeabi_idiv0
 .text          0x0000000008001058       0x40 /usr/bin/../lib/gcc/arm-none-eabi/4.9.3/armv7-m/libgcc.a(_arm_fixunsdfsi.o)
                0x0000000008001058                __fixunsdfsi
                0x0000000008001058                __aeabi_d2uiz
 .text          0x0000000008001098      0x2ac /usr/bin/../lib/gcc/arm-none-eabi/4.9.3/armv7-m/libgcc.a(_divdi3.o)
                0x0000000008001098                __divdi3
 .text          0x0000000008001344      0x270 /usr/bin/../lib/gcc/arm-none-eabi/4.9.3/armv7-m/libgcc.a(_udivdi3.o)
                0x0000000008001344                __udivdi3
 .text          0x00000000080015b4       0xec /usr/bin/../lib/gcc/arm-none-eabi/4.9.3/../../../../arm-none-eabi/lib/armv7-m/libg.a(lib_a-memcpy.o)
                0x00000000080015b4                memcpy
 .text          0x00000000080016a0      0x110 /usr/bin/../lib/gcc/arm-none-eabi/4.9.3/armv7-m/libgcc.a(_arm_cmpdf2.o)
                0x00000000080016a0                __gtdf2
                0x00000000080016a0                __gedf2
                0x00000000080016a8                __ltdf2
                0x00000000080016a8                __ledf2
                0x00000000080016b0                __cmpdf2
                0x00000000080016b0                __eqdf2
                0x00000000080016b0                __nedf2
                0x000000000800172c                __aeabi_cdrcmple
                0x000000000800173c                __aeabi_cdcmple
                0x000000000800173c                __aeabi_cdcmpeq
                0x000000000800174c                __aeabi_dcmpeq
                0x0000000008001760                __aeabi_dcmplt
                0x0000000008001774                __aeabi_dcmple
                0x0000000008001788                __aeabi_dcmpge
                0x000000000800179c                __aeabi_dcmpgt
 .text          0x00000000080017b0       0x50 /usr/bin/../lib/gcc/arm-none-eabi/4.9.3/armv7-m/libgcc.a(_arm_fixdfsi.o)
                0x00000000080017b0                __fixdfsi
                0x00000000080017b0                __aeabi_d2iz
 *(.text*)
 .text._sbrk    0x0000000008001800       0x70 ./startup/new_lib_stubs.o
                0x0000000008001800                _sbrk
 .text._write   0x0000000008001870       0xb4 ./startup/new_lib_stubs.o
                0x0000000008001870                _write
 .text.Reset_Handler
                0x0000000008001924       0x40 ./startup/startup_stm32f10x_md.o
                0x0000000008001924                Reset_Handler
 .text.Default_Handler
                0x0000000008001964        0x2 ./startup/startup_stm32f10x_md.o
                0x0000000008001964                EXTI2_IRQHandler
                0x0000000008001964                DebugMon_Handler
                0x0000000008001964                TIM1_CC_IRQHandler
                0x0000000008001964                PVD_IRQHandler
                0x0000000008001964                EXTI3_IRQHandler
                0x0000000008001964                EXTI0_IRQHandler
                0x0000000008001964                I2C2_EV_IRQHandler
                0x0000000008001964                UsageFault_Handler
                0x0000000008001964                ADC1_2_IRQHandler
                0x0000000008001964                SPI1_IRQHandler
                0x0000000008001964                TAMPER_IRQHandler
                0x0000000008001964                DMA1_Channel4_IRQHandler
                0x0000000008001964                USART3_IRQHandler
                0x0000000008001964                RTC_IRQHandler
                0x0000000008001964                DMA1_Channel7_IRQHandler
                0x0000000008001964                CAN1_RX1_IRQHandler
                0x0000000008001964                TIM4_IRQHandler
                0x0000000008001964                I2C1_EV_IRQHandler
                0x0000000008001964                DMA1_Channel6_IRQHandler
                0x0000000008001964                TIM3_IRQHandler
                0x0000000008001964                RCC_IRQHandler
                0x0000000008001964                TIM1_TRG_COM_IRQHandler
                0x0000000008001964                DMA1_Channel1_IRQHandler
                0x0000000008001964                Default_Handler
                0x0000000008001964                EXTI15_10_IRQHandler
                0x0000000008001964                EXTI9_5_IRQHandler
                0x0000000008001964                SPI2_IRQHandler
                0x0000000008001964                MemManage_Handler
                0x0000000008001964                DMA1_Channel5_IRQHandler
                0x0000000008001964                EXTI4_IRQHandler
                0x0000000008001964                USB_LP_CAN1_RX0_IRQHandler
                0x0000000008001964                USB_HP_CAN1_TX_IRQHandler
                0x0000000008001964                DMA1_Channel3_IRQHandler
                0x0000000008001964                TIM1_UP_IRQHandler
                0x0000000008001964                WWDG_IRQHandler
                0x0000000008001964                TIM2_IRQHandler
                0x0000000008001964                TIM1_BRK_IRQHandler
                0x0000000008001964                EXTI1_IRQHandler
                0x0000000008001964                RTCAlarm_IRQHandler
                0x0000000008001964                USART2_IRQHandler
                0x0000000008001964                I2C2_ER_IRQHandler
                0x0000000008001964                DMA1_Channel2_IRQHandler
                0x0000000008001964                CAN1_SCE_IRQHandler
                0x0000000008001964                FLASH_IRQHandler
                0x0000000008001964                BusFault_Handler
                0x0000000008001964                I2C1_ER_IRQHandler
                0x0000000008001964                USBWakeUp_IRQHandler
 *fill*         0x0000000008001966        0x2 
 .text.NVIC_EnableIRQ
                0x0000000008001968       0x30 ./src/usart/usart.o
 .text.NVIC_SetPriority
                0x0000000008001998       0x54 ./src/usart/usart.o
 .text.USART1Init
                0x00000000080019ec       0xe0 ./src/usart/usart.o
                0x00000000080019ec                USART1Init
 .text.USART1WriteByte
                0x0000000008001acc       0x30 ./src/usart/usart.o
                0x0000000008001acc                USART1WriteByte
 .text.USART1InterrInit
                0x0000000008001afc       0x38 ./src/usart/usart.o
                0x0000000008001afc                USART1InterrInit
 .text.USART1ReadByte
                0x0000000008001b34       0x2c ./src/usart/usart.o
                0x0000000008001b34                USART1ReadByte
 .text.USART1_IRQHandler
                0x0000000008001b60       0x94 ./src/usart/usart.o
                0x0000000008001b60                USART1_IRQHandler
 .text.USART1QueueSendString
                0x0000000008001bf4       0x68 ./src/usart/usart.o
                0x0000000008001bf4                USART1QueueSendString
 .text.USART1QueueSendByte
                0x0000000008001c5c       0x54 ./src/usart/usart.o
                0x0000000008001c5c                USART1QueueSendByte
 .text.prvUsart1Transmitter
                0x0000000008001cb0       0x34 ./src/usart/usart.o
                0x0000000008001cb0                prvUsart1Transmitter
 .text.ulog     0x0000000008001ce4       0x2c ./src/usart/usart.o
                0x0000000008001ce4                ulog
 .text.ulog_raw
                0x0000000008001d10       0x20 ./src/usart/usart.o
                0x0000000008001d10                ulog_raw
 .text.n_tu     0x0000000008001d30       0x34 ./src/string_lib/string_lib.o
                0x0000000008001d30                n_tu
 .text.float_to_string
                0x0000000008001d64      0x284 ./src/string_lib/string_lib.o
                0x0000000008001d64                float_to_string
 .text.init_led
                0x0000000008001fe8       0x30 ./src/led/led.o
                0x0000000008001fe8                init_led
 .text.blink_tsk
                0x0000000008002018       0x30 ./src/led/led.o
                0x0000000008002018                blink_tsk
 .text.gpio_init
                0x0000000008002048       0x40 ./src/hd44780/hd44780.o
                0x0000000008002048                gpio_init
 .text.DELAY    0x0000000008002088       0x3c ./src/hd44780/hd44780.o
 .text.LCD_STROBE
                0x00000000080020c4       0x38 ./src/hd44780/hd44780.o
 .text.HIGHBITS
                0x00000000080020fc       0xa8 ./src/hd44780/hd44780.o
 .text.LOWBITS  0x00000000080021a4       0xa8 ./src/hd44780/hd44780.o
 .text.lcd_cmd  0x000000000800224c       0x2c ./src/hd44780/hd44780.o
                0x000000000800224c                lcd_cmd
 .text.lcd_clrscr
                0x0000000008002278       0x1c ./src/hd44780/hd44780.o
                0x0000000008002278                lcd_clrscr
 .text.lcd_goto
                0x0000000008002294       0x54 ./src/hd44780/hd44780.o
                0x0000000008002294                lcd_goto
 .text.lcd_putc
                0x00000000080022e8       0x34 ./src/hd44780/hd44780.o
                0x00000000080022e8                lcd_putc
 .text.lcd_config
                0x000000000800231c       0x34 ./src/hd44780/hd44780.o
                0x000000000800231c                lcd_config
 .text.lcd_init
                0x0000000008002350       0x50 ./src/hd44780/hd44780.o
                0x0000000008002350                lcd_init
 .text.prvLcdShow
                0x00000000080023a0       0xd8 ./src/hd44780/hd44780.o
                0x00000000080023a0                prvLcdShow
 .text.to_video_mem
                0x0000000008002478       0x84 ./src/hd44780/hd44780.o
                0x0000000008002478                to_video_mem
 .text.cln_scr  0x00000000080024fc       0x70 ./src/hd44780/hd44780.o
                0x00000000080024fc                cln_scr
 .text.arr_cp   0x000000000800256c       0x34 ./src/hd44780/hd44780.o
                0x000000000800256c                arr_cp
 .text.flash_unlock
                0x00000000080025a0       0x24 ./src/flash/flash.o
                0x00000000080025a0                flash_unlock
 .text.flash_lock
                0x00000000080025c4       0x1c ./src/flash/flash.o
                0x00000000080025c4                flash_lock
 .text.flash_ready
                0x00000000080025e0       0x24 ./src/flash/flash.o
                0x00000000080025e0                flash_ready
 .text.flash_erase_page
                0x0000000008002604       0x50 ./src/flash/flash.o
                0x0000000008002604                flash_erase_page
 .text.flash_write_struct
                0x0000000008002654       0xd8 ./src/flash/flash.o
                0x0000000008002654                flash_write_struct
 .text.flash_read_struct
                0x000000000800272c       0x44 ./src/flash/flash.o
                0x000000000800272c                flash_read_struct
 .text.commands_init
                0x0000000008002770       0x84 ./src/configurator/configurator.o
                0x0000000008002770                commands_init
 .text.commands_suspend
                0x00000000080027f4       0x24 ./src/configurator/configurator.o
                0x00000000080027f4                commands_suspend
 .text.commands_resume
                0x0000000008002818       0x24 ./src/configurator/configurator.o
                0x0000000008002818                commands_resume
 .text.is_version_inside
                0x000000000800283c       0x34 ./src/configurator/configurator.o
                0x000000000800283c                is_version_inside
 .text.get_version
                0x0000000008002870       0x18 ./src/configurator/configurator.o
                0x0000000008002870                get_version
 .text.store_version
                0x0000000008002888       0x20 ./src/configurator/configurator.o
                0x0000000008002888                store_version
 .text.store_def_params
                0x00000000080028a8       0x34 ./src/configurator/configurator.o
                0x00000000080028a8                store_def_params
 .text.read_def_params
                0x00000000080028dc       0x18 ./src/configurator/configurator.o
                0x00000000080028dc                read_def_params
 .text.store_param
                0x00000000080028f4       0x38 ./src/configurator/configurator.o
                0x00000000080028f4                store_param
 .text.prvUsart_1_RX_Handler
                0x000000000800292c      0x1b4 ./src/configurator/configurator.o
                0x000000000800292c                prvUsart_1_RX_Handler
 .text.prvHandleCommands
                0x0000000008002ae0       0xec ./src/configurator/configurator.o
                0x0000000008002ae0                prvHandleCommands
 .text.ShowDefaultPatams
                0x0000000008002bcc       0x88 ./src/configurator/configurator.o
                0x0000000008002bcc                ShowDefaultPatams
 .text.commands_on
                0x0000000008002c54       0x10 ./src/configurator/configurator.o
                0x0000000008002c54                commands_on
 .text.commands_off
                0x0000000008002c64       0x1c ./src/configurator/configurator.o
                0x0000000008002c64                commands_off
 .text.InitRCC  0x0000000008002c80      0x104 ./src/clock/clock.o
                0x0000000008002c80                InitRCC
 .text.NMI_Handler
                0x0000000008002d84       0x1c ./src/clock/clock.o
                0x0000000008002d84                NMI_Handler
 .text.init_buttons
                0x0000000008002da0       0x30 ./src/buttons/buttons.o
                0x0000000008002da0                init_buttons
 .text.check_button
                0x0000000008002dd0       0x20 ./src/buttons/buttons.o
                0x0000000008002dd0                check_button
 .text.check_btn1
                0x0000000008002df0       0x18 ./src/buttons/buttons.o
                0x0000000008002df0                check_btn1
 .text.btn1_react
                0x0000000008002e08       0x64 ./src/buttons/buttons.o
                0x0000000008002e08                btn1_react
 .text.adc_init
                0x0000000008002e6c       0x84 ./src/adc/adc.o
                0x0000000008002e6c                adc_init
 .text.main     0x0000000008002ef0       0x8c ./src/main.o
                0x0000000008002ef0                main
 .text.prvStart
                0x0000000008002f7c      0x124 ./src/main.o
 .text.prvCheckBtn1
                0x00000000080030a0       0x1c ./src/main.o
 .text.HardFault_Handler
                0x00000000080030bc       0x14 ./src/main.o
                0x00000000080030bc                HardFault_Handler
 .text.vApplicationTickHook
                0x00000000080030d0       0x14 ./src/main.o
                0x00000000080030d0                vApplicationTickHook
 .text.pvPortMalloc
                0x00000000080030e4      0x11c ./libs/freertos/heap_2.o
                0x00000000080030e4                pvPortMalloc
 .text.vPortFree
                0x0000000008003200       0x70 ./libs/freertos/heap_2.o
                0x0000000008003200                vPortFree
 .text.prvHeapInit
                0x0000000008003270       0x50 ./libs/freertos/heap_2.o
 .text.vListInitialise
                0x00000000080032c0       0x40 ./libs/freertos/list.o
                0x00000000080032c0                vListInitialise
 .text.vListInitialiseItem
                0x0000000008003300       0x18 ./libs/freertos/list.o
                0x0000000008003300                vListInitialiseItem
 .text.vListInsertEnd
                0x0000000008003318       0x48 ./libs/freertos/list.o
                0x0000000008003318                vListInsertEnd
 .text.vListInsert
                0x0000000008003360       0x70 ./libs/freertos/list.o
                0x0000000008003360                vListInsert
 .text.uxListRemove
                0x00000000080033d0       0x54 ./libs/freertos/list.o
                0x00000000080033d0                uxListRemove
 .text.pxPortInitialiseStack
                0x0000000008003424       0x58 ./libs/freertos/port.o
                0x0000000008003424                pxPortInitialiseStack
 .text.prvTaskExitError
                0x000000000800347c        0xc ./libs/freertos/port.o
 .text.SVC_Handler
                0x0000000008003488       0x24 ./libs/freertos/port.o
                0x0000000008003488                SVC_Handler
 .text.prvPortStartFirstTask
                0x00000000080034ac       0x1c ./libs/freertos/port.o
 .text.xPortStartScheduler
                0x00000000080034c8       0x3c ./libs/freertos/port.o
                0x00000000080034c8                xPortStartScheduler
 .text.vPortYield
                0x0000000008003504       0x20 ./libs/freertos/port.o
                0x0000000008003504                vPortYield
 .text.vPortEnterCritical
                0x0000000008003524       0x20 ./libs/freertos/port.o
                0x0000000008003524                vPortEnterCritical
 .text.vPortExitCritical
                0x0000000008003544       0x24 ./libs/freertos/port.o
                0x0000000008003544                vPortExitCritical
 .text.ulPortSetInterruptMask
                0x0000000008003568       0x14 ./libs/freertos/port.o
                0x0000000008003568                ulPortSetInterruptMask
 .text.vPortClearInterruptMask
                0x000000000800357c        0x8 ./libs/freertos/port.o
                0x000000000800357c                vPortClearInterruptMask
 .text.PendSV_Handler
                0x0000000008003584       0x44 ./libs/freertos/port.o
                0x0000000008003584                PendSV_Handler
 .text.SysTick_Handler
                0x00000000080035c8       0x28 ./libs/freertos/port.o
                0x00000000080035c8                SysTick_Handler
 .text.vPortSetupTimerInterrupt
                0x00000000080035f0       0x24 ./libs/freertos/port.o
                0x00000000080035f0                vPortSetupTimerInterrupt
 .text.xQueueGenericReset
                0x0000000008003614       0xa4 ./libs/freertos/queue.o
                0x0000000008003614                xQueueGenericReset
 .text.xQueueGenericCreate
                0x00000000080036b8       0x70 ./libs/freertos/queue.o
                0x00000000080036b8                xQueueGenericCreate
 .text.xQueueCreateMutex
                0x0000000008003728       0x7c ./libs/freertos/queue.o
                0x0000000008003728                xQueueCreateMutex
 .text.xQueueGenericSend
                0x00000000080037a4      0x118 ./libs/freertos/queue.o
                0x00000000080037a4                xQueueGenericSend
 .text.xQueueGenericSendFromISR
                0x00000000080038bc       0x88 ./libs/freertos/queue.o
                0x00000000080038bc                xQueueGenericSendFromISR
 .text.xQueueGenericReceive
                0x0000000008003944      0x170 ./libs/freertos/queue.o
                0x0000000008003944                xQueueGenericReceive
 .text.prvCopyDataToQueue
                0x0000000008003ab4       0xd0 ./libs/freertos/queue.o
 .text.prvCopyDataFromQueue
                0x0000000008003b84       0x4c ./libs/freertos/queue.o
 .text.prvUnlockQueue
                0x0000000008003bd0       0x98 ./libs/freertos/queue.o
 .text.prvIsQueueEmpty
                0x0000000008003c68       0x2c ./libs/freertos/queue.o
 .text.prvIsQueueFull
                0x0000000008003c94       0x30 ./libs/freertos/queue.o
 .text.xTaskGenericCreate
                0x0000000008003cc4      0x138 ./libs/freertos/tasks.o
                0x0000000008003cc4                xTaskGenericCreate
 .text.vTaskDelay
                0x0000000008003dfc       0x50 ./libs/freertos/tasks.o
                0x0000000008003dfc                vTaskDelay
 .text.vTaskSuspend
                0x0000000008003e4c       0xa4 ./libs/freertos/tasks.o
                0x0000000008003e4c                vTaskSuspend
 .text.prvTaskIsTaskSuspended
                0x0000000008003ef0       0x5c ./libs/freertos/tasks.o
 .text.vTaskResume
                0x0000000008003f4c       0x90 ./libs/freertos/tasks.o
                0x0000000008003f4c                vTaskResume
 .text.vTaskStartScheduler
                0x0000000008003fdc       0x54 ./libs/freertos/tasks.o
                0x0000000008003fdc                vTaskStartScheduler
 .text.vTaskSuspendAll
                0x0000000008004030       0x1c ./libs/freertos/tasks.o
                0x0000000008004030                vTaskSuspendAll
 .text.xTaskResumeAll
                0x000000000800404c       0xfc ./libs/freertos/tasks.o
                0x000000000800404c                xTaskResumeAll
 .text.xTaskIncrementTick
                0x0000000008004148      0x170 ./libs/freertos/tasks.o
                0x0000000008004148                xTaskIncrementTick
 .text.vTaskSwitchContext
                0x00000000080042b8       0x98 ./libs/freertos/tasks.o
                0x00000000080042b8                vTaskSwitchContext
 .text.vTaskPlaceOnEventList
                0x0000000008004350       0x60 ./libs/freertos/tasks.o
                0x0000000008004350                vTaskPlaceOnEventList
 .text.xTaskRemoveFromEventList
                0x00000000080043b0       0xac ./libs/freertos/tasks.o
                0x00000000080043b0                xTaskRemoveFromEventList
 .text.vTaskSetTimeOutState
                0x000000000800445c       0x2c ./libs/freertos/tasks.o
                0x000000000800445c                vTaskSetTimeOutState
 .text.xTaskCheckForTimeOut
                0x0000000008004488       0x88 ./libs/freertos/tasks.o
                0x0000000008004488                xTaskCheckForTimeOut
 .text.vTaskMissedYield
                0x0000000008004510       0x18 ./libs/freertos/tasks.o
                0x0000000008004510                vTaskMissedYield
 .text.prvIdleTask
                0x0000000008004528       0x20 ./libs/freertos/tasks.o
 .text.prvInitialiseTCBVariables
                0x0000000008004548       0x90 ./libs/freertos/tasks.o
 .text.prvInitialiseTaskLists
                0x00000000080045d8       0x7c ./libs/freertos/tasks.o
 .text.prvCheckTasksWaitingTermination
                0x0000000008004654       0x74 ./libs/freertos/tasks.o
 .text.prvAddCurrentTaskToDelayedList
                0x00000000080046c8       0x6c ./libs/freertos/tasks.o
 .text.prvAllocateTCBAndStack
                0x0000000008004734       0x50 ./libs/freertos/tasks.o
 .text.prvDeleteTCB
                0x0000000008004784       0x20 ./libs/freertos/tasks.o
 .text.prvResetNextTaskUnblockTime
                0x00000000080047a4       0x48 ./libs/freertos/tasks.o
 .text.xTaskGetCurrentTaskHandle
                0x00000000080047ec       0x20 ./libs/freertos/tasks.o
                0x00000000080047ec                xTaskGetCurrentTaskHandle
 .text.vTaskPriorityInherit
                0x000000000800480c       0xbc ./libs/freertos/tasks.o
                0x000000000800480c                vTaskPriorityInherit
 .text.vTaskPriorityDisinherit
                0x00000000080048c8       0x84 ./libs/freertos/tasks.o
                0x00000000080048c8                vTaskPriorityDisinherit
 .text.__get_MSP
                0x000000000800494c       0x10 ./libs/CMSIS/core_cm3.o
                0x000000000800494c                __get_MSP
 .text.ADC_Init
                0x000000000800495c       0xa4 ./libs/CMSIS/stm32f10x_adc.o
                0x000000000800495c                ADC_Init
 .text.ADC_StructInit
                0x0000000008004a00       0x38 ./libs/CMSIS/stm32f10x_adc.o
                0x0000000008004a00                ADC_StructInit
 .text.ADC_Cmd  0x0000000008004a38       0x38 ./libs/CMSIS/stm32f10x_adc.o
                0x0000000008004a38                ADC_Cmd
 .text.ADC_ResetCalibration
                0x0000000008004a70       0x20 ./libs/CMSIS/stm32f10x_adc.o
                0x0000000008004a70                ADC_ResetCalibration
 .text.ADC_GetResetCalibrationStatus
                0x0000000008004a90       0x30 ./libs/CMSIS/stm32f10x_adc.o
                0x0000000008004a90                ADC_GetResetCalibrationStatus
 .text.ADC_StartCalibration
                0x0000000008004ac0       0x20 ./libs/CMSIS/stm32f10x_adc.o
                0x0000000008004ac0                ADC_StartCalibration
 .text.ADC_GetCalibrationStatus
                0x0000000008004ae0       0x30 ./libs/CMSIS/stm32f10x_adc.o
                0x0000000008004ae0                ADC_GetCalibrationStatus
 .text.ADC_RegularChannelConfig
                0x0000000008004b10      0x194 ./libs/CMSIS/stm32f10x_adc.o
                0x0000000008004b10                ADC_RegularChannelConfig
 .text.GPIO_Init
                0x0000000008004ca4      0x180 ./libs/CMSIS/stm32f10x_gpio.o
                0x0000000008004ca4                GPIO_Init
 .text.GPIO_ReadInputDataBit
                0x0000000008004e24       0x34 ./libs/CMSIS/stm32f10x_gpio.o
                0x0000000008004e24                GPIO_ReadInputDataBit
 .text.GPIO_SetBits
                0x0000000008004e58       0x1c ./libs/CMSIS/stm32f10x_gpio.o
                0x0000000008004e58                GPIO_SetBits
 .text.GPIO_ResetBits
                0x0000000008004e74       0x1c ./libs/CMSIS/stm32f10x_gpio.o
                0x0000000008004e74                GPIO_ResetBits
 .text.RCC_APB2PeriphClockCmd
                0x0000000008004e90       0x3c ./libs/CMSIS/stm32f10x_rcc.o
                0x0000000008004e90                RCC_APB2PeriphClockCmd
 .text.atof     0x0000000008004ecc        0x8 /usr/bin/../lib/gcc/arm-none-eabi/4.9.3/../../../../arm-none-eabi/lib/armv7-m/libg.a(lib_a-atof.o)
                0x0000000008004ecc                atof
 .text.memcmp   0x0000000008004ed4       0x64 /usr/bin/../lib/gcc/arm-none-eabi/4.9.3/../../../../arm-none-eabi/lib/armv7-m/libg.a(lib_a-memcmp.o)
                0x0000000008004ed4                memcmp
 .text.memset   0x0000000008004f38       0x9c /usr/bin/../lib/gcc/arm-none-eabi/4.9.3/../../../../arm-none-eabi/lib/armv7-m/libg.a(lib_a-memset.o)
                0x0000000008004f38                memset
 .text.sulp     0x0000000008004fd4       0x44 /usr/bin/../lib/gcc/arm-none-eabi/4.9.3/../../../../arm-none-eabi/lib/armv7-m/libg.a(lib_a-strtod.o)
 .text._strtod_r
                0x0000000008005018      0xf30 /usr/bin/../lib/gcc/arm-none-eabi/4.9.3/../../../../arm-none-eabi/lib/armv7-m/libg.a(lib_a-strtod.o)
                0x0000000008005018                _strtod_r
 .text.strtod   0x0000000008005f48       0x10 /usr/bin/../lib/gcc/arm-none-eabi/4.9.3/../../../../arm-none-eabi/lib/armv7-m/libg.a(lib_a-strtod.o)
                0x0000000008005f48                strtod
 .text.startup.register_fini
                0x0000000008005f58       0x14 /usr/bin/../lib/gcc/arm-none-eabi/4.9.3/../../../../arm-none-eabi/lib/armv7-m/libg.a(lib_a-__call_atexit.o)
 .text.atexit   0x0000000008005f6c        0xc /usr/bin/../lib/gcc/arm-none-eabi/4.9.3/../../../../arm-none-eabi/lib/armv7-m/libg.a(lib_a-atexit.o)
                0x0000000008005f6c                atexit
 .text.__libc_fini_array
                0x0000000008005f78       0x2c /usr/bin/../lib/gcc/arm-none-eabi/4.9.3/../../../../arm-none-eabi/lib/armv7-m/libg.a(lib_a-fini.o)
                0x0000000008005f78                __libc_fini_array
 .text._malloc_trim_r
                0x0000000008005fa4       0x9c /usr/bin/../lib/gcc/arm-none-eabi/4.9.3/../../../../arm-none-eabi/lib/armv7-m/libg.a(lib_a-freer.o)
                0x0000000008005fa4                _malloc_trim_r
 .text._free_r  0x0000000008006040      0x1b0 /usr/bin/../lib/gcc/arm-none-eabi/4.9.3/../../../../arm-none-eabi/lib/armv7-m/libg.a(lib_a-freer.o)
                0x0000000008006040                _free_r
 .text.rshift   0x00000000080061f0       0xa0 /usr/bin/../lib/gcc/arm-none-eabi/4.9.3/../../../../arm-none-eabi/lib/armv7-m/libg.a(lib_a-gdtoa-gethex.o)
 .text.__gethex
                0x0000000008006290      0x514 /usr/bin/../lib/gcc/arm-none-eabi/4.9.3/../../../../arm-none-eabi/lib/armv7-m/libg.a(lib_a-gdtoa-gethex.o)
                0x0000000008006290                __gethex
 .text.__hexnan
                0x00000000080067a4      0x184 /usr/bin/../lib/gcc/arm-none-eabi/4.9.3/../../../../arm-none-eabi/lib/armv7-m/libg.a(lib_a-gdtoa-hexnan.o)
                0x00000000080067a4                __hexnan
 .text._localeconv_r
                0x0000000008006928        0x8 /usr/bin/../lib/gcc/arm-none-eabi/4.9.3/../../../../arm-none-eabi/lib/armv7-m/libg.a(lib_a-locale.o)
                0x0000000008006928                _localeconv_r
 .text._malloc_r
                0x0000000008006930      0x50c /usr/bin/../lib/gcc/arm-none-eabi/4.9.3/../../../../arm-none-eabi/lib/armv7-m/libg.a(lib_a-mallocr.o)
                0x0000000008006930                _malloc_r
 .text.__malloc_lock
                0x0000000008006e3c        0x4 /usr/bin/../lib/gcc/arm-none-eabi/4.9.3/../../../../arm-none-eabi/lib/armv7-m/libg.a(lib_a-mlock.o)
                0x0000000008006e3c                __malloc_lock
 .text.__malloc_unlock
                0x0000000008006e40        0x4 /usr/bin/../lib/gcc/arm-none-eabi/4.9.3/../../../../arm-none-eabi/lib/armv7-m/libg.a(lib_a-mlock.o)
                0x0000000008006e40                __malloc_unlock
 .text._Balloc  0x0000000008006e44       0x50 /usr/bin/../lib/gcc/arm-none-eabi/4.9.3/../../../../arm-none-eabi/lib/armv7-m/libg.a(lib_a-mprec.o)
                0x0000000008006e44                _Balloc
 .text._Bfree   0x0000000008006e94       0x14 /usr/bin/../lib/gcc/arm-none-eabi/4.9.3/../../../../arm-none-eabi/lib/armv7-m/libg.a(lib_a-mprec.o)
                0x0000000008006e94                _Bfree
 .text.__multadd
                0x0000000008006ea8       0x84 /usr/bin/../lib/gcc/arm-none-eabi/4.9.3/../../../../arm-none-eabi/lib/armv7-m/libg.a(lib_a-mprec.o)
                0x0000000008006ea8                __multadd
 .text.__s2b    0x0000000008006f2c       0x98 /usr/bin/../lib/gcc/arm-none-eabi/4.9.3/../../../../arm-none-eabi/lib/armv7-m/libg.a(lib_a-mprec.o)
                0x0000000008006f2c                __s2b
 .text.__hi0bits
                0x0000000008006fc4       0x40 /usr/bin/../lib/gcc/arm-none-eabi/4.9.3/../../../../arm-none-eabi/lib/armv7-m/libg.a(lib_a-mprec.o)
                0x0000000008006fc4                __hi0bits
 .text.__lo0bits
                0x0000000008007004       0x5c /usr/bin/../lib/gcc/arm-none-eabi/4.9.3/../../../../arm-none-eabi/lib/armv7-m/libg.a(lib_a-mprec.o)
                0x0000000008007004                __lo0bits
 .text.__i2b    0x0000000008007060       0x14 /usr/bin/../lib/gcc/arm-none-eabi/4.9.3/../../../../arm-none-eabi/lib/armv7-m/libg.a(lib_a-mprec.o)
                0x0000000008007060                __i2b
 .text.__multiply
                0x0000000008007074      0x140 /usr/bin/../lib/gcc/arm-none-eabi/4.9.3/../../../../arm-none-eabi/lib/armv7-m/libg.a(lib_a-mprec.o)
                0x0000000008007074                __multiply
 .text.__pow5mult
                0x00000000080071b4       0xa0 /usr/bin/../lib/gcc/arm-none-eabi/4.9.3/../../../../arm-none-eabi/lib/armv7-m/libg.a(lib_a-mprec.o)
                0x00000000080071b4                __pow5mult
 .text.__lshift
                0x0000000008007254       0xb0 /usr/bin/../lib/gcc/arm-none-eabi/4.9.3/../../../../arm-none-eabi/lib/armv7-m/libg.a(lib_a-mprec.o)
                0x0000000008007254                __lshift
 .text.__mcmp   0x0000000008007304       0x48 /usr/bin/../lib/gcc/arm-none-eabi/4.9.3/../../../../arm-none-eabi/lib/armv7-m/libg.a(lib_a-mprec.o)
                0x0000000008007304                __mcmp
 .text.__mdiff  0x000000000800734c       0xe4 /usr/bin/../lib/gcc/arm-none-eabi/4.9.3/../../../../arm-none-eabi/lib/armv7-m/libg.a(lib_a-mprec.o)
                0x000000000800734c                __mdiff
 .text.__ulp    0x0000000008007430       0x44 /usr/bin/../lib/gcc/arm-none-eabi/4.9.3/../../../../arm-none-eabi/lib/armv7-m/libg.a(lib_a-mprec.o)
                0x0000000008007430                __ulp
 .text.__b2d    0x0000000008007474       0xd0 /usr/bin/../lib/gcc/arm-none-eabi/4.9.3/../../../../arm-none-eabi/lib/armv7-m/libg.a(lib_a-mprec.o)
                0x0000000008007474                __b2d
 .text.__d2b    0x0000000008007544       0xa8 /usr/bin/../lib/gcc/arm-none-eabi/4.9.3/../../../../arm-none-eabi/lib/armv7-m/libg.a(lib_a-mprec.o)
                0x0000000008007544                __d2b
 .text.__ratio  0x00000000080075ec       0x58 /usr/bin/../lib/gcc/arm-none-eabi/4.9.3/../../../../arm-none-eabi/lib/armv7-m/libg.a(lib_a-mprec.o)
                0x00000000080075ec                __ratio
 .text.__copybits
                0x0000000008007644       0x48 /usr/bin/../lib/gcc/arm-none-eabi/4.9.3/../../../../arm-none-eabi/lib/armv7-m/libg.a(lib_a-mprec.o)
                0x0000000008007644                __copybits
 .text.__any_on
                0x000000000800768c       0x5c /usr/bin/../lib/gcc/arm-none-eabi/4.9.3/../../../../arm-none-eabi/lib/armv7-m/libg.a(lib_a-mprec.o)
                0x000000000800768c                __any_on
 .text._sbrk_r  0x00000000080076e8       0x24 /usr/bin/../lib/gcc/arm-none-eabi/4.9.3/../../../../arm-none-eabi/lib/armv7-m/libg.a(lib_a-sbrkr.o)
                0x00000000080076e8                _sbrk_r
 .text.strlen   0x000000000800770c       0x5c /usr/bin/../lib/gcc/arm-none-eabi/4.9.3/../../../../arm-none-eabi/lib/armv7-m/libg.a(lib_a-strlen.o)
                0x000000000800770c                strlen
 .text.strncmp  0x0000000008007768       0x94 /usr/bin/../lib/gcc/arm-none-eabi/4.9.3/../../../../arm-none-eabi/lib/armv7-m/libg.a(lib_a-strncmp.o)
                0x0000000008007768                strncmp
 .text.__register_exitproc
                0x00000000080077fc       0xa4 /usr/bin/../lib/gcc/arm-none-eabi/4.9.3/../../../../arm-none-eabi/lib/armv7-m/libg.a(lib_a-__atexit.o)
                0x00000000080077fc                __register_exitproc
 .text._calloc_r
                0x00000000080078a0       0x60 /usr/bin/../lib/gcc/arm-none-eabi/4.9.3/../../../../arm-none-eabi/lib/armv7-m/libg.a(lib_a-callocr.o)
                0x00000000080078a0                _calloc_r
 *(.rodata)
 .rodata        0x0000000008007900       0x24 ./startup/new_lib_stubs.o
 .rodata        0x0000000008007924       0x28 ./src/usart/usart.o
 .rodata        0x000000000800794c       0xf0 ./src/configurator/configurator.o
 .rodata        0x0000000008007a3c       0xa4 ./src/main.o
 .rodata        0x0000000008007ae0        0x8 ./libs/freertos/tasks.o
 *(.rodata*)
 .rodata.str1.4
                0x0000000008007ae8        0x2 /usr/bin/../lib/gcc/arm-none-eabi/4.9.3/../../../../arm-none-eabi/lib/armv7-m/libg.a(lib_a-impure.o)
                                          0x4 (size before relaxing)
 *fill*         0x0000000008007aea        0x2 
 .rodata._global_impure_ptr
                0x0000000008007aec        0x4 /usr/bin/../lib/gcc/arm-none-eabi/4.9.3/../../../../arm-none-eabi/lib/armv7-m/libg.a(lib_a-impure.o)
                0x0000000008007aec                _global_impure_ptr
 .rodata.fpinan.5301
                0x0000000008007af0       0x14 /usr/bin/../lib/gcc/arm-none-eabi/4.9.3/../../../../arm-none-eabi/lib/armv7-m/libg.a(lib_a-strtod.o)
 .rodata.str1.4
                0x0000000008007b04        0xf /usr/bin/../lib/gcc/arm-none-eabi/4.9.3/../../../../arm-none-eabi/lib/armv7-m/libg.a(lib_a-strtod.o)
                                         0x10 (size before relaxing)
 *fill*         0x0000000008007b13        0x1 
 .rodata.fpi.5265
                0x0000000008007b14       0x14 /usr/bin/../lib/gcc/arm-none-eabi/4.9.3/../../../../arm-none-eabi/lib/armv7-m/libg.a(lib_a-strtod.o)
 .rodata.tinytens
                0x0000000008007b28       0x28 /usr/bin/../lib/gcc/arm-none-eabi/4.9.3/../../../../arm-none-eabi/lib/armv7-m/libg.a(lib_a-strtod.o)
 .rodata.__hexdig
                0x0000000008007b50      0x100 /usr/bin/../lib/gcc/arm-none-eabi/4.9.3/../../../../arm-none-eabi/lib/armv7-m/libg.a(lib_a-gdtoa-gethex.o)
                0x0000000008007b50                __hexdig
 .rodata.str1.4
                0x0000000008007c50       0x10 /usr/bin/../lib/gcc/arm-none-eabi/4.9.3/../../../../arm-none-eabi/lib/armv7-m/libg.a(lib_a-locale.o)
                                         0x14 (size before relaxing)
 .rodata.p05.5296
                0x0000000008007c60        0xc /usr/bin/../lib/gcc/arm-none-eabi/4.9.3/../../../../arm-none-eabi/lib/armv7-m/libg.a(lib_a-mprec.o)
 *fill*         0x0000000008007c6c        0x4 
 .rodata.__mprec_tens
                0x0000000008007c70       0xc8 /usr/bin/../lib/gcc/arm-none-eabi/4.9.3/../../../../arm-none-eabi/lib/armv7-m/libg.a(lib_a-mprec.o)
                0x0000000008007c70                __mprec_tens
 .rodata.__mprec_bigtens
                0x0000000008007d38       0x28 /usr/bin/../lib/gcc/arm-none-eabi/4.9.3/../../../../arm-none-eabi/lib/armv7-m/libg.a(lib_a-mprec.o)
                0x0000000008007d38                __mprec_bigtens
 *(.glue_7)
 .glue_7        0x0000000000000000        0x0 linker stubs
 *(.glue_7t)
 .glue_7t       0x0000000000000000        0x0 linker stubs
 *(.init)
 .init          0x0000000008007d60        0x4 /usr/bin/../lib/gcc/arm-none-eabi/4.9.3/armv7-m/crti.o
                0x0000000008007d60                _init
 .init          0x0000000008007d64        0x8 /usr/bin/../lib/gcc/arm-none-eabi/4.9.3/armv7-m/crtn.o
 *(.fini)
 .fini          0x0000000008007d6c        0x4 /usr/bin/../lib/gcc/arm-none-eabi/4.9.3/armv7-m/crti.o
                0x0000000008007d6c                _fini
 .fini          0x0000000008007d70        0x8 /usr/bin/../lib/gcc/arm-none-eabi/4.9.3/armv7-m/crtn.o
                0x0000000008007d78                . = ALIGN (0x4)
                0x0000000008007d78                _etext = .

.vfp11_veneer   0x0000000008007d78        0x0
 .vfp11_veneer  0x0000000000000000        0x0 linker stubs

.v4_bx          0x0000000008007d78        0x0
 .v4_bx         0x0000000000000000        0x0 linker stubs

.iplt           0x0000000008007d78        0x0
 .iplt          0x0000000000000000        0x0 /usr/bin/../lib/gcc/arm-none-eabi/4.9.3/armv7-m/crtbegin.o

.ARM.extab
 *(.ARM.extab* .gnu.linkonce.armextab.*)

.ARM            0x0000000008007d78        0x8
                0x0000000008007d78                __exidx_start = .
 *(.ARM.exidx*)
 .ARM.exidx     0x0000000008007d78        0x8 /usr/bin/../lib/gcc/arm-none-eabi/4.9.3/armv7-m/libgcc.a(_divdi3.o)
 .ARM.exidx     0x0000000008007d80        0x0 /usr/bin/../lib/gcc/arm-none-eabi/4.9.3/armv7-m/libgcc.a(_udivdi3.o)
                                          0x8 (size before relaxing)
                0x0000000008007d80                __exidx_end = .

.rel.dyn        0x0000000008007d80        0x0
 .rel.iplt      0x0000000000000000        0x0 /usr/bin/../lib/gcc/arm-none-eabi/4.9.3/armv7-m/crtbegin.o

.ARM.attributes
                0x0000000008007d80       0x29
 *(.ARM.attributes)
 .ARM.attributes
                0x0000000008007d80       0x1d /usr/bin/../lib/gcc/arm-none-eabi/4.9.3/armv7-m/crti.o
 .ARM.attributes
                0x0000000008007d9d       0x2d /usr/bin/../lib/gcc/arm-none-eabi/4.9.3/armv7-m/crtbegin.o
 .ARM.attributes
                0x0000000008007dca       0x33 ./startup/new_lib_stubs.o
 .ARM.attributes
                0x0000000008007dfd       0x21 ./startup/startup_stm32f10x_md.o
 .ARM.attributes
                0x0000000008007e1e       0x33 ./src/usart/usart.o
 .ARM.attributes
                0x0000000008007e51       0x33 ./src/string_lib/string_lib.o
 .ARM.attributes
                0x0000000008007e84       0x33 ./src/led/led.o
 .ARM.attributes
                0x0000000008007eb7       0x33 ./src/hd44780/hd44780.o
 .ARM.attributes
                0x0000000008007eea       0x33 ./src/flash/flash.o
 .ARM.attributes
                0x0000000008007f1d       0x33 ./src/configurator/configurator.o
 .ARM.attributes
                0x0000000008007f50       0x33 ./src/clock/clock.o
 .ARM.attributes
                0x0000000008007f83       0x33 ./src/buttons/buttons.o
 .ARM.attributes
                0x0000000008007fb6       0x33 ./src/adc/adc.o
 .ARM.attributes
                0x0000000008007fe9       0x33 ./src/main.o
 .ARM.attributes
                0x000000000800801c       0x33 ./libs/freertos/heap_2.o
 .ARM.attributes
                0x000000000800804f       0x33 ./libs/freertos/list.o
 .ARM.attributes
                0x0000000008008082       0x33 ./libs/freertos/port.o
 .ARM.attributes
                0x00000000080080b5       0x33 ./libs/freertos/queue.o
 .ARM.attributes
                0x00000000080080e8       0x33 ./libs/freertos/tasks.o
 .ARM.attributes
                0x000000000800811b       0x33 ./libs/CMSIS/core_cm3.o
 .ARM.attributes
                0x000000000800814e       0x33 ./libs/CMSIS/stm32f10x_adc.o
 .ARM.attributes
                0x0000000008008181       0x33 ./libs/CMSIS/stm32f10x_gpio.o
 .ARM.attributes
                0x00000000080081b4       0x33 ./libs/CMSIS/stm32f10x_rcc.o
 .ARM.attributes
                0x00000000080081e7       0x1d /usr/bin/../lib/gcc/arm-none-eabi/4.9.3/armv7-m/libgcc.a(_arm_addsubdf3.o)
 .ARM.attributes
                0x0000000008008204       0x1d /usr/bin/../lib/gcc/arm-none-eabi/4.9.3/armv7-m/libgcc.a(_arm_muldivdf3.o)
 .ARM.attributes
                0x0000000008008221       0x1d /usr/bin/../lib/gcc/arm-none-eabi/4.9.3/armv7-m/libgcc.a(_arm_truncdfsf2.o)
 .ARM.attributes
                0x000000000800823e       0x1d /usr/bin/../lib/gcc/arm-none-eabi/4.9.3/armv7-m/libgcc.a(_arm_addsubsf3.o)
 .ARM.attributes
                0x000000000800825b       0x1d /usr/bin/../lib/gcc/arm-none-eabi/4.9.3/armv7-m/libgcc.a(_arm_muldivsf3.o)
 .ARM.attributes
                0x0000000008008278       0x1d /usr/bin/../lib/gcc/arm-none-eabi/4.9.3/armv7-m/libgcc.a(_arm_cmpsf2.o)
 .ARM.attributes
                0x0000000008008295       0x1d /usr/bin/../lib/gcc/arm-none-eabi/4.9.3/armv7-m/libgcc.a(_aeabi_ldivmod.o)
 .ARM.attributes
                0x00000000080082b2       0x2d /usr/bin/../lib/gcc/arm-none-eabi/4.9.3/armv7-m/libgcc.a(_fixsfdi.o)
 .ARM.attributes
                0x00000000080082df       0x2d /usr/bin/../lib/gcc/arm-none-eabi/4.9.3/armv7-m/libgcc.a(_fixunssfdi.o)
 .ARM.attributes
                0x000000000800830c       0x2d /usr/bin/../lib/gcc/arm-none-eabi/4.9.3/armv7-m/libgcc.a(bpabi.o)
 .ARM.attributes
                0x0000000008008339       0x1d /usr/bin/../lib/gcc/arm-none-eabi/4.9.3/armv7-m/libgcc.a(_dvmd_tls.o)
 .ARM.attributes
                0x0000000008008356       0x1d /usr/bin/../lib/gcc/arm-none-eabi/4.9.3/armv7-m/libgcc.a(_arm_fixunsdfsi.o)
 .ARM.attributes
                0x0000000008008373       0x2d /usr/bin/../lib/gcc/arm-none-eabi/4.9.3/armv7-m/libgcc.a(_divdi3.o)
 .ARM.attributes
                0x00000000080083a0       0x2d /usr/bin/../lib/gcc/arm-none-eabi/4.9.3/armv7-m/libgcc.a(_udivdi3.o)
 .ARM.attributes
                0x00000000080083cd       0x2d /usr/bin/../lib/gcc/arm-none-eabi/4.9.3/../../../../arm-none-eabi/lib/armv7-m/libg.a(lib_a-atof.o)
 .ARM.attributes
                0x00000000080083fa       0x2d /usr/bin/../lib/gcc/arm-none-eabi/4.9.3/../../../../arm-none-eabi/lib/armv7-m/libg.a(lib_a-impure.o)
 .ARM.attributes
                0x0000000008008427       0x2d /usr/bin/../lib/gcc/arm-none-eabi/4.9.3/../../../../arm-none-eabi/lib/armv7-m/libg.a(lib_a-memcmp.o)
 .ARM.attributes
                0x0000000008008454       0x1b /usr/bin/../lib/gcc/arm-none-eabi/4.9.3/../../../../arm-none-eabi/lib/armv7-m/libg.a(lib_a-memcpy.o)
 .ARM.attributes
                0x000000000800846f       0x2d /usr/bin/../lib/gcc/arm-none-eabi/4.9.3/../../../../arm-none-eabi/lib/armv7-m/libg.a(lib_a-memset.o)
 .ARM.attributes
                0x000000000800849c       0x2d /usr/bin/../lib/gcc/arm-none-eabi/4.9.3/../../../../arm-none-eabi/lib/armv7-m/libg.a(lib_a-reent.o)
 .ARM.attributes
                0x00000000080084c9       0x2d /usr/bin/../lib/gcc/arm-none-eabi/4.9.3/../../../../arm-none-eabi/lib/armv7-m/libg.a(lib_a-strtod.o)
 .ARM.attributes
                0x00000000080084f6       0x2d /usr/bin/../lib/gcc/arm-none-eabi/4.9.3/../../../../arm-none-eabi/lib/armv7-m/libg.a(lib_a-__call_atexit.o)
 .ARM.attributes
                0x0000000008008523       0x2d /usr/bin/../lib/gcc/arm-none-eabi/4.9.3/../../../../arm-none-eabi/lib/armv7-m/libg.a(lib_a-atexit.o)
 .ARM.attributes
                0x0000000008008550       0x2d /usr/bin/../lib/gcc/arm-none-eabi/4.9.3/../../../../arm-none-eabi/lib/armv7-m/libg.a(lib_a-fini.o)
 .ARM.attributes
                0x000000000800857d       0x2d /usr/bin/../lib/gcc/arm-none-eabi/4.9.3/../../../../arm-none-eabi/lib/armv7-m/libg.a(lib_a-freer.o)
 .ARM.attributes
                0x00000000080085aa       0x2d /usr/bin/../lib/gcc/arm-none-eabi/4.9.3/../../../../arm-none-eabi/lib/armv7-m/libg.a(lib_a-gdtoa-gethex.o)
 .ARM.attributes
                0x00000000080085d7       0x2d /usr/bin/../lib/gcc/arm-none-eabi/4.9.3/../../../../arm-none-eabi/lib/armv7-m/libg.a(lib_a-gdtoa-hexnan.o)
 .ARM.attributes
                0x0000000008008604       0x2d /usr/bin/../lib/gcc/arm-none-eabi/4.9.3/../../../../arm-none-eabi/lib/armv7-m/libg.a(lib_a-locale.o)
 .ARM.attributes
                0x0000000008008631       0x2d /usr/bin/../lib/gcc/arm-none-eabi/4.9.3/../../../../arm-none-eabi/lib/armv7-m/libg.a(lib_a-mallocr.o)
 .ARM.attributes
                0x000000000800865e       0x2d /usr/bin/../lib/gcc/arm-none-eabi/4.9.3/../../../../arm-none-eabi/lib/armv7-m/libg.a(lib_a-mlock.o)
 .ARM.attributes
                0x000000000800868b       0x2d /usr/bin/../lib/gcc/arm-none-eabi/4.9.3/../../../../arm-none-eabi/lib/armv7-m/libg.a(lib_a-mprec.o)
 .ARM.attributes
                0x00000000080086b8       0x2d /usr/bin/../lib/gcc/arm-none-eabi/4.9.3/../../../../arm-none-eabi/lib/armv7-m/libg.a(lib_a-sbrkr.o)
 .ARM.attributes
                0x00000000080086e5       0x2d /usr/bin/../lib/gcc/arm-none-eabi/4.9.3/../../../../arm-none-eabi/lib/armv7-m/libg.a(lib_a-strlen.o)
 .ARM.attributes
                0x0000000008008712       0x2d /usr/bin/../lib/gcc/arm-none-eabi/4.9.3/../../../../arm-none-eabi/lib/armv7-m/libg.a(lib_a-strncmp.o)
 .ARM.attributes
                0x000000000800873f       0x2d /usr/bin/../lib/gcc/arm-none-eabi/4.9.3/../../../../arm-none-eabi/lib/armv7-m/libg.a(lib_a-__atexit.o)
 .ARM.attributes
                0x000000000800876c       0x2d /usr/bin/../lib/gcc/arm-none-eabi/4.9.3/../../../../arm-none-eabi/lib/armv7-m/libg.a(lib_a-callocr.o)
 .ARM.attributes
                0x0000000008008799       0x1d /usr/bin/../lib/gcc/arm-none-eabi/4.9.3/armv7-m/libgcc.a(_arm_cmpdf2.o)
 .ARM.attributes
                0x00000000080087b6       0x1d /usr/bin/../lib/gcc/arm-none-eabi/4.9.3/armv7-m/libgcc.a(_arm_fixdfsi.o)
 .ARM.attributes
                0x00000000080087d3       0x1d /usr/bin/../lib/gcc/arm-none-eabi/4.9.3/armv7-m/crtn.o

.preinit_array  0x0000000008007d80        0x0
                0x0000000008007d80                PROVIDE (__preinit_array_start, .)
 *(.preinit_array*)
                0x0000000008007d80                PROVIDE (__preinit_array_end, .)

.init_array     0x0000000008007d80        0x8
                0x0000000008007d80                PROVIDE (__init_array_start, .)
 *(SORT(.init_array.*))
 .init_array.00000
                0x0000000008007d80        0x4 /usr/bin/../lib/gcc/arm-none-eabi/4.9.3/../../../../arm-none-eabi/lib/armv7-m/libg.a(lib_a-__call_atexit.o)
 *(.init_array*)
 .init_array    0x0000000008007d84        0x4 /usr/bin/../lib/gcc/arm-none-eabi/4.9.3/armv7-m/crtbegin.o
                0x0000000008007d88                PROVIDE (__init_array_end, .)

.fini_array     0x0000000008007d88        0x4
                0x0000000008007d88                PROVIDE (__fini_array_start, .)
 *(.fini_array*)
 .fini_array    0x0000000008007d88        0x4 /usr/bin/../lib/gcc/arm-none-eabi/4.9.3/armv7-m/crtbegin.o
 *(SORT(.fini_array.*))
                0x0000000008007d8c                PROVIDE (__fini_array_end, .)
                0x0000000008007d8c                _sidata = .

.data           0x0000000020000000      0x884 load address 0x0000000008007d8c
                0x0000000020000000                . = ALIGN (0x4)
                0x0000000020000000                _sdata = .
 *(.data)
 *(.data*)
 .data.xFreeBytesRemaining
                0x0000000020000000        0x4 ./libs/freertos/heap_2.o
 .data.uxCriticalNesting
                0x0000000020000004        0x4 ./libs/freertos/port.o
 .data.xNextTaskUnblockTime
                0x0000000020000008        0x4 ./libs/freertos/tasks.o
 *fill*         0x000000002000000c        0x4 
 .data.impure_data
                0x0000000020000010      0x428 /usr/bin/../lib/gcc/arm-none-eabi/4.9.3/../../../../arm-none-eabi/lib/armv7-m/libg.a(lib_a-impure.o)
 .data._impure_ptr
                0x0000000020000438        0x4 /usr/bin/../lib/gcc/arm-none-eabi/4.9.3/../../../../arm-none-eabi/lib/armv7-m/libg.a(lib_a-impure.o)
                0x0000000020000438                _impure_ptr
 .data.lconv    0x000000002000043c       0x38 /usr/bin/../lib/gcc/arm-none-eabi/4.9.3/../../../../arm-none-eabi/lib/armv7-m/libg.a(lib_a-locale.o)
 .data.__malloc_av_
                0x0000000020000474      0x408 /usr/bin/../lib/gcc/arm-none-eabi/4.9.3/../../../../arm-none-eabi/lib/armv7-m/libg.a(lib_a-mallocr.o)
                0x0000000020000474                __malloc_av_
 .data.__malloc_trim_threshold
                0x000000002000087c        0x4 /usr/bin/../lib/gcc/arm-none-eabi/4.9.3/../../../../arm-none-eabi/lib/armv7-m/libg.a(lib_a-mallocr.o)
                0x000000002000087c                __malloc_trim_threshold
 .data.__malloc_sbrk_base
                0x0000000020000880        0x4 /usr/bin/../lib/gcc/arm-none-eabi/4.9.3/../../../../arm-none-eabi/lib/armv7-m/libg.a(lib_a-mallocr.o)
                0x0000000020000880                __malloc_sbrk_base
                0x0000000020000884                . = ALIGN (0x4)
                0x0000000020000884                _edata = .

.jcr            0x0000000020000884        0x0 load address 0x0000000008008610
 .jcr           0x0000000020000884        0x0 /usr/bin/../lib/gcc/arm-none-eabi/4.9.3/armv7-m/crtbegin.o

.igot.plt       0x0000000020000884        0x0 load address 0x0000000008008610
 .igot.plt      0x0000000000000000        0x0 /usr/bin/../lib/gcc/arm-none-eabi/4.9.3/armv7-m/crtbegin.o
                0x0000000020000884                . = ALIGN (0x4)

.bss            0x0000000020000884     0x45e8 load address 0x0000000008008610
                0x0000000020000884                _sbss = .
                0x0000000020000884                __bss_start__ = _sbss
 *(.bss)
 .bss           0x0000000020000884       0x1c /usr/bin/../lib/gcc/arm-none-eabi/4.9.3/armv7-m/crtbegin.o
 *(.bss*)
 .bss.heap_end.5846
                0x00000000200008a0        0x4 ./startup/new_lib_stubs.o
 .bss.xHigherPriorityTaskWoken.5527
                0x00000000200008a4        0x4 ./src/usart/usart.o
 .bss.xStatus.5528
                0x00000000200008a8        0x4 ./src/usart/usart.o
 .bss.lcd_cnt   0x00000000200008ac        0x1 ./src/hd44780/hd44780.o
                0x00000000200008ac                lcd_cnt
 .bss.btn_state.5152
                0x00000000200008ad        0x1 ./src/buttons/buttons.o
 .bss.btn_state_old.5153
                0x00000000200008ae        0x1 ./src/buttons/buttons.o
 .bss.is_on.5154
                0x00000000200008af        0x1 ./src/buttons/buttons.o
 .bss.ucHeap    0x00000000200008b0     0x4400 ./libs/freertos/heap_2.o
 .bss.xStart    0x0000000020004cb0        0x8 ./libs/freertos/heap_2.o
 .bss.xEnd      0x0000000020004cb8        0x8 ./libs/freertos/heap_2.o
 .bss.xHeapHasBeenInitialised.4935
                0x0000000020004cc0        0x4 ./libs/freertos/heap_2.o
 .bss.pxCurrentTCB
                0x0000000020004cc4        0x4 ./libs/freertos/tasks.o
                0x0000000020004cc4                pxCurrentTCB
 .bss.pxReadyTasksLists
                0x0000000020004cc8       0x64 ./libs/freertos/tasks.o
 .bss.xDelayedTaskList1
                0x0000000020004d2c       0x14 ./libs/freertos/tasks.o
 .bss.xDelayedTaskList2
                0x0000000020004d40       0x14 ./libs/freertos/tasks.o
 .bss.pxDelayedTaskList
                0x0000000020004d54        0x4 ./libs/freertos/tasks.o
 .bss.pxOverflowDelayedTaskList
                0x0000000020004d58        0x4 ./libs/freertos/tasks.o
 .bss.xPendingReadyList
                0x0000000020004d5c       0x14 ./libs/freertos/tasks.o
 .bss.xTasksWaitingTermination
                0x0000000020004d70       0x14 ./libs/freertos/tasks.o
 .bss.uxTasksDeleted
                0x0000000020004d84        0x4 ./libs/freertos/tasks.o
 .bss.xSuspendedTaskList
                0x0000000020004d88       0x14 ./libs/freertos/tasks.o
 .bss.uxCurrentNumberOfTasks
                0x0000000020004d9c        0x4 ./libs/freertos/tasks.o
 .bss.xTickCount
                0x0000000020004da0        0x4 ./libs/freertos/tasks.o
 .bss.uxTopReadyPriority
                0x0000000020004da4        0x4 ./libs/freertos/tasks.o
 .bss.xSchedulerRunning
                0x0000000020004da8        0x4 ./libs/freertos/tasks.o
 .bss.uxPendedTicks
                0x0000000020004dac        0x4 ./libs/freertos/tasks.o
 .bss.xYieldPending
                0x0000000020004db0        0x4 ./libs/freertos/tasks.o
 .bss.xNumOfOverflows
                0x0000000020004db4        0x4 ./libs/freertos/tasks.o
 .bss.uxTaskNumber
                0x0000000020004db8        0x4 ./libs/freertos/tasks.o
 .bss.uxSchedulerSuspended
                0x0000000020004dbc        0x4 ./libs/freertos/tasks.o
 .bss.__malloc_max_total_mem
                0x0000000020004dc0        0x4 /usr/bin/../lib/gcc/arm-none-eabi/4.9.3/../../../../arm-none-eabi/lib/armv7-m/libg.a(lib_a-mallocr.o)
                0x0000000020004dc0                __malloc_max_total_mem
 .bss.__malloc_max_sbrked_mem
                0x0000000020004dc4        0x4 /usr/bin/../lib/gcc/arm-none-eabi/4.9.3/../../../../arm-none-eabi/lib/armv7-m/libg.a(lib_a-mallocr.o)
                0x0000000020004dc4                __malloc_max_sbrked_mem
 .bss.__malloc_top_pad
                0x0000000020004dc8        0x4 /usr/bin/../lib/gcc/arm-none-eabi/4.9.3/../../../../arm-none-eabi/lib/armv7-m/libg.a(lib_a-mallocr.o)
                0x0000000020004dc8                __malloc_top_pad
 .bss.__malloc_current_mallinfo
                0x0000000020004dcc       0x28 /usr/bin/../lib/gcc/arm-none-eabi/4.9.3/../../../../arm-none-eabi/lib/armv7-m/libg.a(lib_a-mallocr.o)
                0x0000000020004dcc                __malloc_current_mallinfo
 *(COMMON)
 COMMON         0x0000000020004df4        0xc ./src/usart/usart.o
                0x0000000020004df4                xUsart1TxMutex
                0x0000000020004df8                xQueueUsart1Rx
                0x0000000020004dfc                xQueueUsart1Tx
 COMMON         0x0000000020004e00       0x4c ./src/hd44780/hd44780.o
                0x0000000020004e00                xQueueLCD
                0x0000000020004e04                lcd_mem_changed
                0x0000000020004e08                lcd_mem
                0x0000000020004e48                xLcdMutex
 COMMON         0x0000000020004e4c       0x1c ./src/configurator/configurator.o
                0x0000000020004e4c                my_conf
                0x0000000020004e5c                xHandleUsartRX
                0x0000000020004e60                xQueueUsartCommands
                0x0000000020004e64                xHandleCommands
 COMMON         0x0000000020004e68        0x4 /usr/bin/../lib/gcc/arm-none-eabi/4.9.3/../../../../arm-none-eabi/lib/armv7-m/libg.a(lib_a-reent.o)
                0x0000000020004e68                errno
                0x0000000020004e6c                . = ALIGN (0x4)
                0x0000000020004e6c                _ebss = .
                0x0000000020004e6c                __bss_end__ = _ebss
                0x0000000020004e6c                PROVIDE (end, _ebss)
                0x0000000020004e6c                PROVIDE (_end, _ebss)

._user_heap_stack
                0x0000000020004e6c      0x100 load address 0x000000000800cbf8
                0x0000000020004e6c                . = ALIGN (0x4)
                0x0000000020004e6c                . = (. + _Min_Heap_Size)
                0x0000000020004f6c                . = (. + _Min_Stack_Size)
 *fill*         0x0000000020004e6c      0x100 
                0x0000000020004f6c                . = ALIGN (0x4)

.memory_b1_text
 *(.mb1text)
 *(.mb1text*)
 *(.mb1rodata)
 *(.mb1rodata*)

/DISCARD/
 libc.a(*)
 libm.a(*)
 libgcc.a(*)
OUTPUT(lzond.elf elf32-littlearm)

.debug_info     0x0000000000000000     0x7082
 .debug_info    0x0000000000000000      0x770 ./startup/new_lib_stubs.o
 .debug_info    0x0000000000000770       0x70 ./startup/startup_stm32f10x_md.o
 .debug_info    0x00000000000007e0      0x940 ./src/usart/usart.o
 .debug_info    0x0000000000001120      0x1c3 ./src/string_lib/string_lib.o
 .debug_info    0x00000000000012e3      0x244 ./src/led/led.o
 .debug_info    0x0000000000001527      0x7ea ./src/hd44780/hd44780.o
 .debug_info    0x0000000000001d11      0x32c ./src/flash/flash.o
 .debug_info    0x000000000000203d      0x545 ./src/configurator/configurator.o
 .debug_info    0x0000000000002582      0x25c ./src/clock/clock.o
 .debug_info    0x00000000000027de      0x2da ./src/buttons/buttons.o
 .debug_info    0x0000000000002ab8      0x2d0 ./src/adc/adc.o
 .debug_info    0x0000000000002d88      0x3ca ./src/main.o
 .debug_info    0x0000000000003152      0x2e5 ./libs/freertos/heap_2.o
 .debug_info    0x0000000000003437      0x2a8 ./libs/freertos/list.o
 .debug_info    0x00000000000036df      0x243 ./libs/freertos/port.o
 .debug_info    0x0000000000003922      0x908 ./libs/freertos/queue.o
 .debug_info    0x000000000000422a      0xe6b ./libs/freertos/tasks.o
 .debug_info    0x0000000000005095      0x52f ./libs/CMSIS/core_cm3.o
 .debug_info    0x00000000000055c4      0xb66 ./libs/CMSIS/stm32f10x_adc.o
 .debug_info    0x000000000000612a      0x6d9 ./libs/CMSIS/stm32f10x_gpio.o
 .debug_info    0x0000000000006803      0x87f ./libs/CMSIS/stm32f10x_rcc.o

.debug_abbrev   0x0000000000000000     0x1cc5
 .debug_abbrev  0x0000000000000000      0x1c9 ./startup/new_lib_stubs.o
 .debug_abbrev  0x00000000000001c9       0x12 ./startup/startup_stm32f10x_md.o
 .debug_abbrev  0x00000000000001db      0x202 ./src/usart/usart.o
 .debug_abbrev  0x00000000000003dd       0xe5 ./src/string_lib/string_lib.o
 .debug_abbrev  0x00000000000004c2      0x127 ./src/led/led.o
 .debug_abbrev  0x00000000000005e9      0x250 ./src/hd44780/hd44780.o
 .debug_abbrev  0x0000000000000839      0x15a ./src/flash/flash.o
 .debug_abbrev  0x0000000000000993      0x175 ./src/configurator/configurator.o
 .debug_abbrev  0x0000000000000b08       0xec ./src/clock/clock.o
 .debug_abbrev  0x0000000000000bf4      0x156 ./src/buttons/buttons.o
 .debug_abbrev  0x0000000000000d4a      0x108 ./src/adc/adc.o
 .debug_abbrev  0x0000000000000e52      0x18b ./src/main.o
 .debug_abbrev  0x0000000000000fdd      0x155 ./libs/freertos/heap_2.o
 .debug_abbrev  0x0000000000001132       0xc1 ./libs/freertos/list.o
 .debug_abbrev  0x00000000000011f3      0x165 ./libs/freertos/port.o
 .debug_abbrev  0x0000000000001358      0x18b ./libs/freertos/queue.o
 .debug_abbrev  0x00000000000014e3      0x208 ./libs/freertos/tasks.o
 .debug_abbrev  0x00000000000016eb       0xb1 ./libs/CMSIS/core_cm3.o
 .debug_abbrev  0x000000000000179c      0x19d ./libs/CMSIS/stm32f10x_adc.o
 .debug_abbrev  0x0000000000001939      0x1cd ./libs/CMSIS/stm32f10x_gpio.o
 .debug_abbrev  0x0000000000001b06      0x1bf ./libs/CMSIS/stm32f10x_rcc.o

.debug_aranges  0x0000000000000000      0xb38
 .debug_aranges
                0x0000000000000000       0xa0 ./startup/new_lib_stubs.o
 .debug_aranges
                0x00000000000000a0       0x28 ./startup/startup_stm32f10x_md.o
 .debug_aranges
                0x00000000000000c8       0x80 ./src/usart/usart.o
 .debug_aranges
                0x0000000000000148       0x28 ./src/string_lib/string_lib.o
 .debug_aranges
                0x0000000000000170       0x28 ./src/led/led.o
 .debug_aranges
                0x0000000000000198      0x110 ./src/hd44780/hd44780.o
 .debug_aranges
                0x00000000000002a8       0x70 ./src/flash/flash.o
 .debug_aranges
                0x0000000000000318       0x88 ./src/configurator/configurator.o
 .debug_aranges
                0x00000000000003a0       0x30 ./src/clock/clock.o
 .debug_aranges
                0x00000000000003d0       0x38 ./src/buttons/buttons.o
 .debug_aranges
                0x0000000000000408       0x30 ./src/adc/adc.o
 .debug_aranges
                0x0000000000000438       0x40 ./src/main.o
 .debug_aranges
                0x0000000000000478       0x40 ./libs/freertos/heap_2.o
 .debug_aranges
                0x00000000000004b8       0x40 ./libs/freertos/list.o
 .debug_aranges
                0x00000000000004f8       0x88 ./libs/freertos/port.o
 .debug_aranges
                0x0000000000000580       0xb0 ./libs/freertos/queue.o
 .debug_aranges
                0x0000000000000630      0x148 ./libs/freertos/tasks.o
 .debug_aranges
                0x0000000000000778       0xc8 ./libs/CMSIS/core_cm3.o
 .debug_aranges
                0x0000000000000840      0x138 ./libs/CMSIS/stm32f10x_adc.o
 .debug_aranges
                0x0000000000000978       0xa8 ./libs/CMSIS/stm32f10x_gpio.o
 .debug_aranges
                0x0000000000000a20      0x118 ./libs/CMSIS/stm32f10x_rcc.o

.debug_ranges   0x0000000000000000      0x9f0
 .debug_ranges  0x0000000000000000       0x90 ./startup/new_lib_stubs.o
 .debug_ranges  0x0000000000000090       0x20 ./startup/startup_stm32f10x_md.o
 .debug_ranges  0x00000000000000b0       0x70 ./src/usart/usart.o
 .debug_ranges  0x0000000000000120       0x18 ./src/string_lib/string_lib.o
 .debug_ranges  0x0000000000000138       0x18 ./src/led/led.o
 .debug_ranges  0x0000000000000150      0x100 ./src/hd44780/hd44780.o
 .debug_ranges  0x0000000000000250       0x60 ./src/flash/flash.o
 .debug_ranges  0x00000000000002b0       0x78 ./src/configurator/configurator.o
 .debug_ranges  0x0000000000000328       0x20 ./src/clock/clock.o
 .debug_ranges  0x0000000000000348       0x28 ./src/buttons/buttons.o
 .debug_ranges  0x0000000000000370       0x20 ./src/adc/adc.o
 .debug_ranges  0x0000000000000390       0x30 ./src/main.o
 .debug_ranges  0x00000000000003c0       0x30 ./libs/freertos/heap_2.o
 .debug_ranges  0x00000000000003f0       0x30 ./libs/freertos/list.o
 .debug_ranges  0x0000000000000420       0x78 ./libs/freertos/port.o
 .debug_ranges  0x0000000000000498       0xa0 ./libs/freertos/queue.o
 .debug_ranges  0x0000000000000538      0x138 ./libs/freertos/tasks.o
 .debug_ranges  0x0000000000000670       0xb8 ./libs/CMSIS/core_cm3.o
 .debug_ranges  0x0000000000000728      0x128 ./libs/CMSIS/stm32f10x_adc.o
 .debug_ranges  0x0000000000000850       0x98 ./libs/CMSIS/stm32f10x_gpio.o
 .debug_ranges  0x00000000000008e8      0x108 ./libs/CMSIS/stm32f10x_rcc.o

.debug_macro    0x0000000000000000     0xe43c
 .debug_macro   0x0000000000000000      0x1e8 ./startup/new_lib_stubs.o
 .debug_macro   0x00000000000001e8      0x862 ./startup/new_lib_stubs.o
 .debug_macro   0x0000000000000a4a       0x10 ./startup/new_lib_stubs.o
 .debug_macro   0x0000000000000a5a       0x58 ./startup/new_lib_stubs.o
 .debug_macro   0x0000000000000ab2       0x22 ./startup/new_lib_stubs.o
 .debug_macro   0x0000000000000ad4       0x35 ./startup/new_lib_stubs.o
 .debug_macro   0x0000000000000b09       0x9c ./startup/new_lib_stubs.o
 .debug_macro   0x0000000000000ba5      0x16d ./startup/new_lib_stubs.o
 .debug_macro   0x0000000000000d12       0x4a ./startup/new_lib_stubs.o
 .debug_macro   0x0000000000000d5c       0x52 ./startup/new_lib_stubs.o
 .debug_macro   0x0000000000000dae       0x16 ./startup/new_lib_stubs.o
 .debug_macro   0x0000000000000dc4       0x43 ./startup/new_lib_stubs.o
 .debug_macro   0x0000000000000e07      0x180 ./startup/new_lib_stubs.o
 .debug_macro   0x0000000000000f87      0x23b ./startup/new_lib_stubs.o
 .debug_macro   0x00000000000011c2       0x10 ./startup/new_lib_stubs.o
 .debug_macro   0x00000000000011d2       0x35 ./startup/new_lib_stubs.o
 .debug_macro   0x0000000000001207       0x10 ./startup/new_lib_stubs.o
 .debug_macro   0x0000000000001217       0x10 ./startup/new_lib_stubs.o
 .debug_macro   0x0000000000001227       0x10 ./startup/new_lib_stubs.o
 .debug_macro   0x0000000000001237       0x22 ./startup/new_lib_stubs.o
 .debug_macro   0x0000000000001259       0xbd ./startup/new_lib_stubs.o
 .debug_macro   0x0000000000001316       0x35 ./startup/new_lib_stubs.o
 .debug_macro   0x000000000000134b      0x27a ./startup/new_lib_stubs.o
 .debug_macro   0x00000000000015c5      0x121 ./startup/new_lib_stubs.o
 .debug_macro   0x00000000000016e6       0x16 ./startup/new_lib_stubs.o
 .debug_macro   0x00000000000016fc      0x48e ./startup/new_lib_stubs.o
 .debug_macro   0x0000000000001b8a       0x62 ./startup/new_lib_stubs.o
 .debug_macro   0x0000000000001bec       0x22 ./startup/new_lib_stubs.o
 .debug_macro   0x0000000000001c0e       0x1c ./startup/new_lib_stubs.o
 .debug_macro   0x0000000000001c2a      0x1f7 ./startup/new_lib_stubs.o
 .debug_macro   0x0000000000001e21      0x69f ./startup/new_lib_stubs.o
 .debug_macro   0x00000000000024c0     0x7dbe ./startup/new_lib_stubs.o
 .debug_macro   0x000000000000a27e      0x2a6 ./startup/new_lib_stubs.o
 .debug_macro   0x000000000000a524      0x3e2 ./startup/new_lib_stubs.o
 .debug_macro   0x000000000000a906       0x8b ./startup/new_lib_stubs.o
 .debug_macro   0x000000000000a991       0x35 ./startup/new_lib_stubs.o
 .debug_macro   0x000000000000a9c6      0x21a ./startup/new_lib_stubs.o
 .debug_macro   0x000000000000abe0      0x160 ./src/usart/usart.o
 .debug_macro   0x000000000000ad40       0x44 ./src/usart/usart.o
 .debug_macro   0x000000000000ad84       0x40 ./src/usart/usart.o
 .debug_macro   0x000000000000adc4       0xbb ./src/usart/usart.o
 .debug_macro   0x000000000000ae7f       0xaf ./src/usart/usart.o
 .debug_macro   0x000000000000af2e       0x12 ./src/usart/usart.o
 .debug_macro   0x000000000000af40       0x1f ./src/usart/usart.o
 .debug_macro   0x000000000000af5f      0x3a0 ./src/usart/usart.o
 .debug_macro   0x000000000000b2ff       0xb0 ./src/usart/usart.o
 .debug_macro   0x000000000000b3af       0x79 ./src/usart/usart.o
 .debug_macro   0x000000000000b428       0x69 ./src/usart/usart.o
 .debug_macro   0x000000000000b491       0x7e ./src/usart/usart.o
 .debug_macro   0x000000000000b50f       0x49 ./src/usart/usart.o
 .debug_macro   0x000000000000b558       0x10 ./src/usart/usart.o
 .debug_macro   0x000000000000b568       0x10 ./src/usart/usart.o
 .debug_macro   0x000000000000b578      0x16a ./src/string_lib/string_lib.o
 .debug_macro   0x000000000000b6e2       0xb8 ./src/led/led.o
 .debug_macro   0x000000000000b79a      0x164 ./src/hd44780/hd44780.o
 .debug_macro   0x000000000000b8fe       0x22 ./src/hd44780/hd44780.o
 .debug_macro   0x000000000000b920      0x102 ./src/hd44780/hd44780.o
 .debug_macro   0x000000000000ba22      0x6bd ./src/hd44780/hd44780.o
 .debug_macro   0x000000000000c0df      0x209 ./src/flash/flash.o
 .debug_macro   0x000000000000c2e8       0x10 ./src/flash/flash.o
 .debug_macro   0x000000000000c2f8       0x10 ./src/flash/flash.o
 .debug_macro   0x000000000000c308      0x2a3 ./src/configurator/configurator.o
 .debug_macro   0x000000000000c5ab       0x10 ./src/configurator/configurator.o
 .debug_macro   0x000000000000c5bb       0x16 ./src/configurator/configurator.o
 .debug_macro   0x000000000000c5d1       0x16 ./src/configurator/configurator.o
 .debug_macro   0x000000000000c5e7       0x16 ./src/configurator/configurator.o
 .debug_macro   0x000000000000c5fd       0x29 ./src/configurator/configurator.o
 .debug_macro   0x000000000000c626       0x1c ./src/configurator/configurator.o
 .debug_macro   0x000000000000c642       0x10 ./src/configurator/configurator.o
 .debug_macro   0x000000000000c652       0x16 ./src/configurator/configurator.o
 .debug_macro   0x000000000000c668      0x196 ./src/configurator/configurator.o
 .debug_macro   0x000000000000c7fe       0xb2 ./src/clock/clock.o
 .debug_macro   0x000000000000c8b0       0xc1 ./src/buttons/buttons.o
 .debug_macro   0x000000000000c971       0x10 ./src/buttons/buttons.o
 .debug_macro   0x000000000000c981       0xc7 ./src/adc/adc.o
 .debug_macro   0x000000000000ca48      0x2e5 ./src/adc/adc.o
 .debug_macro   0x000000000000cd2d      0x2f1 ./src/main.o
 .debug_macro   0x000000000000d01e       0x22 ./src/main.o
 .debug_macro   0x000000000000d040       0x16 ./src/main.o
 .debug_macro   0x000000000000d056      0x188 ./libs/freertos/heap_2.o
 .debug_macro   0x000000000000d1de      0x15b ./libs/freertos/list.o
 .debug_macro   0x000000000000d339      0x14d ./libs/freertos/port.o
 .debug_macro   0x000000000000d486      0x1cd ./libs/freertos/queue.o
 .debug_macro   0x000000000000d653       0x16 ./libs/freertos/queue.o
 .debug_macro   0x000000000000d669      0x210 ./libs/freertos/tasks.o
 .debug_macro   0x000000000000d879       0x16 ./libs/freertos/tasks.o
 .debug_macro   0x000000000000d88f       0x57 ./libs/CMSIS/core_cm3.o
 .debug_macro   0x000000000000d8e6      0x1bd ./libs/CMSIS/stm32f10x_adc.o
 .debug_macro   0x000000000000daa3      0x2df ./libs/CMSIS/stm32f10x_adc.o
 .debug_macro   0x000000000000dd82      0x10a ./libs/CMSIS/stm32f10x_gpio.o
 .debug_macro   0x000000000000de8c      0x3dc ./libs/CMSIS/stm32f10x_gpio.o
 .debug_macro   0x000000000000e268      0x1d4 ./libs/CMSIS/stm32f10x_rcc.o

.debug_line     0x0000000000000000     0x4c76
 .debug_line    0x0000000000000000      0x430 ./startup/new_lib_stubs.o
 .debug_line    0x0000000000000430       0x7c ./startup/startup_stm32f10x_md.o
 .debug_line    0x00000000000004ac      0x38e ./src/usart/usart.o
 .debug_line    0x000000000000083a      0x318 ./src/string_lib/string_lib.o
 .debug_line    0x0000000000000b52      0x1ce ./src/led/led.o
 .debug_line    0x0000000000000d20      0x5d7 ./src/hd44780/hd44780.o
 .debug_line    0x00000000000012f7      0x42f ./src/flash/flash.o
 .debug_line    0x0000000000001726      0x555 ./src/configurator/configurator.o
 .debug_line    0x0000000000001c7b      0x202 ./src/clock/clock.o
 .debug_line    0x0000000000001e7d      0x1ed ./src/buttons/buttons.o
 .debug_line    0x000000000000206a      0x1fd ./src/adc/adc.o
 .debug_line    0x0000000000002267      0x4af ./src/main.o
 .debug_line    0x0000000000002716      0x2e8 ./libs/freertos/heap_2.o
 .debug_line    0x00000000000029fe      0x2a5 ./libs/freertos/list.o
 .debug_line    0x0000000000002ca3      0x2c0 ./libs/freertos/port.o
 .debug_line    0x0000000000002f63      0x50f ./libs/freertos/queue.o
 .debug_line    0x0000000000003472      0x8a1 ./libs/freertos/tasks.o
 .debug_line    0x0000000000003d13      0x2b6 ./libs/CMSIS/core_cm3.o
 .debug_line    0x0000000000003fc9      0x4df ./libs/CMSIS/stm32f10x_adc.o
 .debug_line    0x00000000000044a8      0x360 ./libs/CMSIS/stm32f10x_gpio.o
 .debug_line    0x0000000000004808      0x46e ./libs/CMSIS/stm32f10x_rcc.o

.debug_str      0x0000000000000000    0x46170
 .debug_str     0x0000000000000000    0x3a5d5 ./startup/new_lib_stubs.o
                                      0x3a808 (size before relaxing)
 .debug_str     0x000000000003a5d5     0x4401 ./src/usart/usart.o
                                      0x399c9 (size before relaxing)
 .debug_str     0x000000000003e9d6       0x7c ./src/string_lib/string_lib.o
                                      0x394a5 (size before relaxing)
 .debug_str     0x000000000003ea52      0x15f ./src/led/led.o
                                      0x35385 (size before relaxing)
 .debug_str     0x000000000003ebb1      0x6ab ./src/hd44780/hd44780.o
                                      0x39b2e (size before relaxing)
 .debug_str     0x000000000003f25c      0x16a ./src/flash/flash.o
                                      0x3b65c (size before relaxing)
 .debug_str     0x000000000003f3c6      0xade ./src/configurator/configurator.o
                                      0x3c4e4 (size before relaxing)
 .debug_str     0x000000000003fea4       0x57 ./src/clock/clock.o
                                      0x352d9 (size before relaxing)
 .debug_str     0x000000000003fefb       0xa7 ./src/buttons/buttons.o
                                      0x353fa (size before relaxing)
 .debug_str     0x000000000003ffa2     0x216d ./src/adc/adc.o
                                      0x3739c (size before relaxing)
 .debug_str     0x000000000004210f       0x87 ./src/main.o
                                      0x3e977 (size before relaxing)
 .debug_str     0x0000000000042196      0x39d ./libs/freertos/heap_2.o
                                       0x7f10 (size before relaxing)
 .debug_str     0x0000000000042533      0x123 ./libs/freertos/list.o
                                       0x78e9 (size before relaxing)
 .debug_str     0x0000000000042656      0x5f6 ./libs/freertos/port.o
                                       0x5fcb (size before relaxing)
 .debug_str     0x0000000000042c4c      0x584 ./libs/freertos/queue.o
                                       0x8c56 (size before relaxing)
 .debug_str     0x00000000000431d0     0x1434 ./libs/freertos/tasks.o
                                       0x916e (size before relaxing)
 .debug_str     0x0000000000044604      0x154 ./libs/CMSIS/core_cm3.o
                                       0x3125 (size before relaxing)
 .debug_str     0x0000000000044758      0xa9e ./libs/CMSIS/stm32f10x_adc.o
                                      0x37e04 (size before relaxing)
 .debug_str     0x00000000000451f6      0x47d ./libs/CMSIS/stm32f10x_gpio.o
                                      0x357f1 (size before relaxing)
 .debug_str     0x0000000000045673      0xafd ./libs/CMSIS/stm32f10x_rcc.o
                                      0x35dd7 (size before relaxing)

.comment        0x0000000000000000       0x70
 .comment       0x0000000000000000       0x70 ./startup/new_lib_stubs.o
                                         0x71 (size before relaxing)
 .comment       0x0000000000000000       0x71 ./src/usart/usart.o
 .comment       0x0000000000000000       0x71 ./src/string_lib/string_lib.o
 .comment       0x0000000000000000       0x71 ./src/led/led.o
 .comment       0x0000000000000000       0x71 ./src/hd44780/hd44780.o
 .comment       0x0000000000000000       0x71 ./src/flash/flash.o
 .comment       0x0000000000000000       0x71 ./src/configurator/configurator.o
 .comment       0x0000000000000000       0x71 ./src/clock/clock.o
 .comment       0x0000000000000000       0x71 ./src/buttons/buttons.o
 .comment       0x0000000000000000       0x71 ./src/adc/adc.o
 .comment       0x0000000000000000       0x71 ./src/main.o
 .comment       0x0000000000000000       0x71 ./libs/freertos/heap_2.o
 .comment       0x0000000000000000       0x71 ./libs/freertos/list.o
 .comment       0x0000000000000000       0x71 ./libs/freertos/port.o
 .comment       0x0000000000000000       0x71 ./libs/freertos/queue.o
 .comment       0x0000000000000000       0x71 ./libs/freertos/tasks.o
 .comment       0x0000000000000000       0x71 ./libs/CMSIS/core_cm3.o
 .comment       0x0000000000000000       0x71 ./libs/CMSIS/stm32f10x_adc.o
 .comment       0x0000000000000000       0x71 ./libs/CMSIS/stm32f10x_gpio.o
 .comment       0x0000000000000000       0x71 ./libs/CMSIS/stm32f10x_rcc.o

.debug_frame    0x0000000000000000     0x33f8
 .debug_frame   0x0000000000000000      0x29c ./startup/new_lib_stubs.o
 .debug_frame   0x000000000000029c      0x1e8 ./src/usart/usart.o
 .debug_frame   0x0000000000000484       0x60 ./src/string_lib/string_lib.o
 .debug_frame   0x00000000000004e4       0x54 ./src/led/led.o
 .debug_frame   0x0000000000000538      0x44c ./src/hd44780/hd44780.o
 .debug_frame   0x0000000000000984      0x190 ./src/flash/flash.o
 .debug_frame   0x0000000000000b14      0x1e0 ./src/configurator/configurator.o
 .debug_frame   0x0000000000000cf4       0x78 ./src/clock/clock.o
 .debug_frame   0x0000000000000d6c       0x98 ./src/buttons/buttons.o
 .debug_frame   0x0000000000000e04       0x6c ./src/adc/adc.o
 .debug_frame   0x0000000000000e70       0xb4 ./src/main.o
 .debug_frame   0x0000000000000f24       0xc0 ./libs/freertos/heap_2.o
 .debug_frame   0x0000000000000fe4       0xd8 ./libs/freertos/list.o
 .debug_frame   0x00000000000010bc      0x174 ./libs/freertos/port.o
 .debug_frame   0x0000000000001230      0x2c8 ./libs/freertos/queue.o
 .debug_frame   0x00000000000014f8      0x56c ./libs/freertos/tasks.o
 .debug_frame   0x0000000000001a64      0x320 ./libs/CMSIS/core_cm3.o
 .debug_frame   0x0000000000001d84      0x5a4 ./libs/CMSIS/stm32f10x_adc.o
 .debug_frame   0x0000000000002328      0x2d0 ./libs/CMSIS/stm32f10x_gpio.o
 .debug_frame   0x00000000000025f8      0x4f4 ./libs/CMSIS/stm32f10x_rcc.o
 .debug_frame   0x0000000000002aec       0x28 /usr/bin/../lib/gcc/arm-none-eabi/4.9.3/armv7-m/libgcc.a(_aeabi_ldivmod.o)
 .debug_frame   0x0000000000002b14       0x30 /usr/bin/../lib/gcc/arm-none-eabi/4.9.3/armv7-m/libgcc.a(_fixsfdi.o)
 .debug_frame   0x0000000000002b44       0x2c /usr/bin/../lib/gcc/arm-none-eabi/4.9.3/armv7-m/libgcc.a(_fixunssfdi.o)
 .debug_frame   0x0000000000002b70       0x54 /usr/bin/../lib/gcc/arm-none-eabi/4.9.3/armv7-m/libgcc.a(bpabi.o)
 .debug_frame   0x0000000000002bc4       0x34 /usr/bin/../lib/gcc/arm-none-eabi/4.9.3/armv7-m/libgcc.a(_divdi3.o)
 .debug_frame   0x0000000000002bf8       0x34 /usr/bin/../lib/gcc/arm-none-eabi/4.9.3/armv7-m/libgcc.a(_udivdi3.o)
 .debug_frame   0x0000000000002c2c       0x20 /usr/bin/../lib/gcc/arm-none-eabi/4.9.3/../../../../arm-none-eabi/lib/armv7-m/libg.a(lib_a-atof.o)
 .debug_frame   0x0000000000002c4c       0x38 /usr/bin/../lib/gcc/arm-none-eabi/4.9.3/../../../../arm-none-eabi/lib/armv7-m/libg.a(lib_a-memcmp.o)
 .debug_frame   0x0000000000002c84       0x34 /usr/bin/../lib/gcc/arm-none-eabi/4.9.3/../../../../arm-none-eabi/lib/armv7-m/libg.a(lib_a-memset.o)
 .debug_frame   0x0000000000002cb8       0x58 /usr/bin/../lib/gcc/arm-none-eabi/4.9.3/../../../../arm-none-eabi/lib/armv7-m/libg.a(lib_a-reent.o)
 .debug_frame   0x0000000000002d10       0x94 /usr/bin/../lib/gcc/arm-none-eabi/4.9.3/../../../../arm-none-eabi/lib/armv7-m/libg.a(lib_a-strtod.o)
 .debug_frame   0x0000000000002da4       0x50 /usr/bin/../lib/gcc/arm-none-eabi/4.9.3/../../../../arm-none-eabi/lib/armv7-m/libg.a(lib_a-__call_atexit.o)
 .debug_frame   0x0000000000002df4       0x20 /usr/bin/../lib/gcc/arm-none-eabi/4.9.3/../../../../arm-none-eabi/lib/armv7-m/libg.a(lib_a-atexit.o)
 .debug_frame   0x0000000000002e14       0x34 /usr/bin/../lib/gcc/arm-none-eabi/4.9.3/../../../../arm-none-eabi/lib/armv7-m/libg.a(lib_a-fini.o)
 .debug_frame   0x0000000000002e48       0x74 /usr/bin/../lib/gcc/arm-none-eabi/4.9.3/../../../../arm-none-eabi/lib/armv7-m/libg.a(lib_a-freer.o)
 .debug_frame   0x0000000000002ebc       0x6c /usr/bin/../lib/gcc/arm-none-eabi/4.9.3/../../../../arm-none-eabi/lib/armv7-m/libg.a(lib_a-gdtoa-gethex.o)
 .debug_frame   0x0000000000002f28       0x4c /usr/bin/../lib/gcc/arm-none-eabi/4.9.3/../../../../arm-none-eabi/lib/armv7-m/libg.a(lib_a-gdtoa-hexnan.o)
 .debug_frame   0x0000000000002f74       0x9c /usr/bin/../lib/gcc/arm-none-eabi/4.9.3/../../../../arm-none-eabi/lib/armv7-m/libg.a(lib_a-locale.o)
 .debug_frame   0x0000000000003010       0x54 /usr/bin/../lib/gcc/arm-none-eabi/4.9.3/../../../../arm-none-eabi/lib/armv7-m/libg.a(lib_a-mallocr.o)
 .debug_frame   0x0000000000003064       0x30 /usr/bin/../lib/gcc/arm-none-eabi/4.9.3/../../../../arm-none-eabi/lib/armv7-m/libg.a(lib_a-mlock.o)
 .debug_frame   0x0000000000003094      0x268 /usr/bin/../lib/gcc/arm-none-eabi/4.9.3/../../../../arm-none-eabi/lib/armv7-m/libg.a(lib_a-mprec.o)
 .debug_frame   0x00000000000032fc       0x2c /usr/bin/../lib/gcc/arm-none-eabi/4.9.3/../../../../arm-none-eabi/lib/armv7-m/libg.a(lib_a-sbrkr.o)
 .debug_frame   0x0000000000003328       0x20 /usr/bin/../lib/gcc/arm-none-eabi/4.9.3/../../../../arm-none-eabi/lib/armv7-m/libg.a(lib_a-strlen.o)
 .debug_frame   0x0000000000003348       0x54 /usr/bin/../lib/gcc/arm-none-eabi/4.9.3/../../../../arm-none-eabi/lib/armv7-m/libg.a(lib_a-strncmp.o)
 .debug_frame   0x000000000000339c       0x34 /usr/bin/../lib/gcc/arm-none-eabi/4.9.3/../../../../arm-none-eabi/lib/armv7-m/libg.a(lib_a-__atexit.o)
 .debug_frame   0x00000000000033d0       0x28 /usr/bin/../lib/gcc/arm-none-eabi/4.9.3/../../../../arm-none-eabi/lib/armv7-m/libg.a(lib_a-callocr.o)
